Component: ARM Compiler 5.06 update 6 (build 750) Tool: armlink [4d35ed]

==============================================================================

Section Cross References

    sx1276.o(i.GetFskBandwidthRegValue) refers to sx1276.o(.constdata) for .constdata
    sx1276.o(i.RxChainCalibration) refers to sx1276.o(i.SX1276Read) for SX1276Read
    sx1276.o(i.RxChainCalibration) refers to sx1276.o(i.SX1276Write) for SX1276Write
    sx1276.o(i.RxChainCalibration) refers to sx1276.o(i.SX1276SetChannel) for SX1276SetChannel
    sx1276.o(i.SX1276BoardInit) refers to sx1276.o(.data) for .data
    sx1276.o(i.SX1276GetRadioWakeUpTime) refers to sx1276.o(.data) for .data
    sx1276.o(i.SX1276GetStatus) refers to sx1276.o(.bss) for .bss
    sx1276.o(i.SX1276GetTimeOnAir) refers to dfltui.o(.text) for __aeabi_ui2d
    sx1276.o(i.SX1276GetTimeOnAir) refers to sx1276.o(i.SX1276Read) for SX1276Read
    sx1276.o(i.SX1276GetTimeOnAir) refers to dadd.o(.text) for __aeabi_dadd
    sx1276.o(i.SX1276GetTimeOnAir) refers to dscalb.o(.text) for __ARM_scalbn
    sx1276.o(i.SX1276GetTimeOnAir) refers to ddiv.o(.text) for __aeabi_ddiv
    sx1276.o(i.SX1276GetTimeOnAir) refers to dmul.o(.text) for __aeabi_dmul
    sx1276.o(i.SX1276GetTimeOnAir) refers to round.o(i.round) for round
    sx1276.o(i.SX1276GetTimeOnAir) refers to dflti.o(.text) for __aeabi_i2d
    sx1276.o(i.SX1276GetTimeOnAir) refers to ceil.o(i.ceil) for ceil
    sx1276.o(i.SX1276GetTimeOnAir) refers to cdrcmple.o(.text) for __aeabi_cdrcmple
    sx1276.o(i.SX1276GetTimeOnAir) refers to floor.o(i.floor) for floor
    sx1276.o(i.SX1276GetTimeOnAir) refers to dfixui.o(.text) for __aeabi_d2uiz
    sx1276.o(i.SX1276GetTimeOnAir) refers to sx1276.o(.bss) for .bss
    sx1276.o(i.SX1276Init) refers to timeserver.o(i.TimerInit) for TimerInit
    sx1276.o(i.SX1276Init) refers to sx1276.o(i.SX1276Reset) for SX1276Reset
    sx1276.o(i.SX1276Init) refers to sx1276.o(i.RxChainCalibration) for RxChainCalibration
    sx1276.o(i.SX1276Init) refers to sx1276.o(i.SX1276SetOpMode) for SX1276SetOpMode
    sx1276.o(i.SX1276Init) refers to sx1276.o(i.SX1276SetModem) for SX1276SetModem
    sx1276.o(i.SX1276Init) refers to sx1276.o(i.SX1276Write) for SX1276Write
    sx1276.o(i.SX1276Init) refers to sx1276.o(.data) for .data
    sx1276.o(i.SX1276Init) refers to sx1276.o(i.SX1276OnTimeoutIrq) for SX1276OnTimeoutIrq
    sx1276.o(i.SX1276Init) refers to sx1276.o(.bss) for .bss
    sx1276.o(i.SX1276Init) refers to sx1276.o(.constdata) for .constdata
    sx1276.o(i.SX1276IsChannelFree) refers to sx1276.o(i.SX1276SetModem) for SX1276SetModem
    sx1276.o(i.SX1276IsChannelFree) refers to sx1276.o(i.SX1276SetChannel) for SX1276SetChannel
    sx1276.o(i.SX1276IsChannelFree) refers to sx1276.o(i.SX1276SetOpMode) for SX1276SetOpMode
    sx1276.o(i.SX1276IsChannelFree) refers to delay.o(i.DelayMs) for DelayMs
    sx1276.o(i.SX1276IsChannelFree) refers to timeserver.o(i.TimerGetCurrentTime) for TimerGetCurrentTime
    sx1276.o(i.SX1276IsChannelFree) refers to sx1276.o(i.SX1276ReadRssi) for SX1276ReadRssi
    sx1276.o(i.SX1276IsChannelFree) refers to timeserver.o(i.TimerGetElapsedTime) for TimerGetElapsedTime
    sx1276.o(i.SX1276IsChannelFree) refers to sx1276.o(i.SX1276SetSleep) for SX1276SetSleep
    sx1276.o(i.SX1276OnDio0Irq) refers to timeserver.o(i.TimerStop) for TimerStop
    sx1276.o(i.SX1276OnDio0Irq) refers to sx1276.o(i.SX1276Write) for SX1276Write
    sx1276.o(i.SX1276OnDio0Irq) refers to sx1276.o(i.SX1276Read) for SX1276Read
    sx1276.o(i.SX1276OnDio0Irq) refers to timeserver.o(i.TimerStart) for TimerStart
    sx1276.o(i.SX1276OnDio0Irq) refers to sx1276.o(i.SX1276ReadFifo) for SX1276ReadFifo
    sx1276.o(i.SX1276OnDio0Irq) refers to trace.o(i.TraceSend) for TraceSend
    sx1276.o(i.SX1276OnDio0Irq) refers to sx1276.o(.bss) for .bss
    sx1276.o(i.SX1276OnDio0Irq) refers to sx1276.o(.data) for .data
    sx1276.o(i.SX1276OnDio1Irq) refers to sx1276.o(i.SX1276WriteFifo) for SX1276WriteFifo
    sx1276.o(i.SX1276OnDio1Irq) refers to timeserver.o(i.TimerStop) for TimerStop
    sx1276.o(i.SX1276OnDio1Irq) refers to sx1276.o(i.SX1276Write) for SX1276Write
    sx1276.o(i.SX1276OnDio1Irq) refers to trace.o(i.TraceSend) for TraceSend
    sx1276.o(i.SX1276OnDio1Irq) refers to sx1276.o(i.SX1276Read) for SX1276Read
    sx1276.o(i.SX1276OnDio1Irq) refers to sx1276.o(i.SX1276ReadFifo) for SX1276ReadFifo
    sx1276.o(i.SX1276OnDio1Irq) refers to sx1276.o(.bss) for .bss
    sx1276.o(i.SX1276OnDio1Irq) refers to sx1276.o(.data) for .data
    sx1276.o(i.SX1276OnDio2Irq) refers to sx1276.o(i.SX1276Write) for SX1276Write
    sx1276.o(i.SX1276OnDio2Irq) refers to sx1276.o(i.SX1276Read) for SX1276Read
    sx1276.o(i.SX1276OnDio2Irq) refers to timeserver.o(i.TimerStop) for TimerStop
    sx1276.o(i.SX1276OnDio2Irq) refers to sx1276.o(.bss) for .bss
    sx1276.o(i.SX1276OnDio2Irq) refers to sx1276.o(.data) for .data
    sx1276.o(i.SX1276OnDio3Irq) refers to sx1276.o(i.SX1276Read) for SX1276Read
[...]
    FIFO_flag                                0x20000324   Data           4  main.o(.data)
    result                                   0x20000330   Data           8  main.o(.data)
    exti_flag                                0x20000354   Data           4  main.o(.data)
    batteryLevel_mV                          0x20000358   Data           2  main.o(.data)
    charRx                                   0x2000035c   Data           1  vcom.o(.data)
    symbtime1_value                          0x20000368   Data           1  at.o(.data)
    flag1                                    0x20000369   Data           1  at.o(.data)
    symbtime2_value                          0x2000036a   Data           1  at.o(.data)
    flag2                                    0x2000036b   Data           1  at.o(.data)
    Positioning_time                         0x20000370   Data           4  at.o(.data)
    set_sgm                                  0x20000374   Data           4  at.o(.data)
    s_gm                                     0x20000378   Data           4  at.o(.data)
    start                                    0x2000037c   Data           4  at.o(.data)
    s_timer                                  0x20000380   Data           4  at.o(.data)
    in1                                      0x200003a0   Data           4  lora.o(.data)
    Alarm_times                              0x20000421   Data           1  loramac.o(.data)
    Alarm_times1                             0x20000422   Data           1  loramac.o(.data)
    Restart                                  0x20000423   Data           1  loramac.o(.data)
    LoRaMacFlags                             0x2000043d   Data           1  loramac.o(.data)
    LoRaMacState                             0x20000458   Data           4  loramac.o(.data)
    TxTimeOnAir                              0x2000045c   Data           4  loramac.o(.data)
    TracePeripheralReady                     0x200004c0   Data           1  trace.o(.data)
    SX1276                                   0x200005c8   Data         104  sx1276.o(.bss)
    TxTimeoutTimer                           0x20000630   Data          20  sx1276.o(.bss)
    RxTimeoutTimer                           0x20000644   Data          20  sx1276.o(.bss)
    RxTimeoutSyncWord                        0x20000658   Data          20  sx1276.o(.bss)
    gps                                      0x20000678   Data         708  gps.o(.bss)
    lasttime                                 0x2000093c   Data          20  gps.o(.bss)
    GPS_NEMA                                 0x20000950   Data        1536  gps.o(.bss)
    uart1                                    0x20000f50   Data         112  bsp_usart2.o(.bss)
    pFlash                                   0x20000ffc   Data          24  stm32l0xx_hal_flash.o(.bss)
    PitchBuff                                0x20001168   Data        4004  main.o(.bss)
    RollBuff                                 0x2000210c   Data        4004  main.o(.bss)
    LoRaMacParams                            0x20003b4c   Data          56  loramac.o(.bss)
    LoRaMacParamsDefaults                    0x20003b84   Data          56  loramac.o(.bss)
    __initial_sp                             0x20004448   Data           0  startup_stm32l072xx.o(STACK)



==============================================================================

Memory Map of the image

  Image Entry point : 0x080000c1

  Load Region LR_IROM1 (Base: 0x08000000, Size: 0x00013cec, Max: 0x00030000, ABSOLUTE, COMPRESSED[0x0001391c])

    Execution Region ER_IROM1 (Exec base: 0x08000000, Load base: 0x08000000, Size: 0x00013824, Max: 0x00030000, ABSOLUTE)

    Exec Addr    Load Addr    Size         Type   Attr      Idx    E Section Name        Object

    0x08000000   0x08000000   0x000000c0   Data   RO         4697    RESET               startup_stm32l072xx.o
    0x080000c0   0x080000c0   0x00000000   Code   RO         9390  * .ARM.Collect$$$$00000000  mc_p.l(entry.o)
    0x080000c0   0x080000c0   0x00000004   Code   RO         9543    .ARM.Collect$$$$00000001  mc_p.l(entry2.o)
    0x080000c4   0x080000c4   0x00000004   Code   RO         9546    .ARM.Collect$$$$00000004  mc_p.l(entry5.o)
    0x080000c8   0x080000c8   0x00000000   Code   RO         9548    .ARM.Collect$$$$00000008  mc_p.l(entry7b.o)
    0x080000c8   0x080000c8   0x00000000   Code   RO         9550    .ARM.Collect$$$$0000000A  mc_p.l(entry8b.o)
    0x080000c8   0x080000c8   0x00000008   Code   RO         9551    .ARM.Collect$$$$0000000B  mc_p.l(entry9a.o)
    0x080000d0   0x080000d0   0x00000000   Code   RO         9553    .ARM.Collect$$$$0000000D  mc_p.l(entry10a.o)
    0x080000d0   0x080000d0   0x00000000   Code   RO         9555    .ARM.Collect$$$$0000000F  mc_p.l(entry11a.o)
    0x080000d0   0x080000d0   0x00000004   Code   RO         9544    .ARM.Collect$$$$00002712  mc_p.l(entry2.o)
    0x080000d4   0x080000d4   0x0000001c   Code   RO         4698    .text               startup_stm32l072xx.o
    0x080000f0   0x080000f0   0x0000002c   Code   RO         9393    .text               mc_p.l(uidiv.o)
    0x0800011c   0x0800011c   0x00000028   Code   RO         9395    .text               mc_p.l(idiv.o)
    0x08000144   0x08000144   0x00000060   Code   RO         9397    .text               mc_p.l(uldiv.o)
    0x080001a4   0x080001a4   0x0000007a   Code   RO         9399    .text               mc_p.l(llmul.o)
    0x0800021e   0x0800021e   0x0000000e   Code   RO         9401    .text               mc_p.l(isspace_c.o)
    0x0800022c   0x0800022c   0x00000024   Code   RO         9403    .text               mc_p.l(memcpya.o)
    0x08000250   0x08000250   0x00000024   Code   RO         9405    .text               mc_p.l(memseta.o)
    0x08000274   0x08000274   0x0000001a   Code   RO         9407    .text               mc_p.l(strncpy.o)
    0x0800028e   0x0800028e   0x0000000e   Code   RO         9409    .text               mc_p.l(strlen.o)
    0x0800029c   0x0800029c   0x0000001c   Code   RO         9411    .text               mc_p.l(strcmp.o)
    0x080002b8   0x080002b8   0x0000001e   Code   RO         9413    .text               mc_p.l(strncmp.o)
    0x080002d6   0x080002d6   0x00000014   Code   RO         9447    .text               mc_p.l(uread4.o)
    0x080002ea   0x080002ea   0x00000002   PAD
    0x080002ec   0x080002ec   0x0000003c   Code   RO         9449    .text               mc_p.l(__0sscanf.o)
    0x08000328   0x08000328   0x0000014a   Code   RO         9451    .text               mc_p.l(_scanf_int.o)
    0x08000472   0x08000472   0x000000b2   Code   RO         9453    .text               mf_p.l(fadd.o)
    0x08000524   0x08000524   0x0000007a   Code   RO         9455    .text               mf_p.l(fmul.o)
    0x0800059e   0x0800059e   0x0000007c   Code   RO         9457    .text               mf_p.l(fdiv.o)
    0x0800061a   0x0800061a   0x00000018   Code   RO         9459    .text               mf_p.l(fscalb.o)
    0x08000632   0x08000632   0x00000002   PAD
    0x08000634   0x08000634   0x00000164   Code   RO         9461    .text               mf_p.l(dadd.o)
    0x08000798   0x08000798   0x000000d0   Code   RO         9463    .text               mf_p.l(dmul.o)
    0x08000868   0x08000868   0x000000f0   Code   RO         9465    .text               mf_p.l(ddiv.o)
    0x08000958   0x08000958   0x0000002c   Code   RO         9467    .text               mf_p.l(dscalb.o)
    0x08000984   0x08000984   0x00000016   Code   RO         9469    .text               mf_p.l(fflti.o)
    0x0800099a   0x0800099a   0x0000000e   Code   RO         9471    .text               mf_p.l(ffltui.o)
    0x080009a8   0x080009a8   0x00000028   Code   RO         9473    .text               mf_p.l(dflti.o)
    0x080009d0   0x080009d0   0x0000001c   Code   RO         9475    .text               mf_p.l(dfltui.o)
    0x080009ec   0x080009ec   0x00000032   Code   RO         9477    .text               mf_p.l(ffixi.o)
    0x08000a1e   0x08000a1e   0x00000028   Code   RO         9479    .text               mf_p.l(ffixui.o)
    0x08000a46   0x08000a46   0x00000002   PAD
    0x08000a48   0x08000a48   0x00000048   Code   RO         9481    .text               mf_p.l(dfixi.o)
    0x08000a90   0x08000a90   0x0000003c   Code   RO         9483    .text               mf_p.l(dfixui.o)
    0x08000acc   0x08000acc   0x00000028   Code   RO         9485    .text               mf_p.l(f2d.o)
    0x08000af4   0x08000af4   0x00000028   Code   RO         9487    .text               mf_p.l(cdcmple.o)
    0x08000b1c   0x08000b1c   0x00000028   Code   RO         9489    .text               mf_p.l(cdrcmple.o)
    0x08000b44   0x08000b44   0x00000038   Code   RO         9491    .text               mf_p.l(d2f.o)
    0x08000b7c   0x08000b7c   0x00000020   Code   RO         9560    .text               mc_p.l(llshl.o)
    0x08000b9c   0x08000b9c   0x00000022   Code   RO         9562    .text               mc_p.l(llushr.o)
    0x08000bbe   0x08000bbe   0x00000026   Code   RO         9564    .text               mc_p.l(llsshr.o)
    0x08000be4   0x08000be4   0x00000024   Code   RO         9566    .text               mc_p.l(ctype_c.o)
    0x08000c08   0x08000c08   0x0000001e   Code   RO         9576    .text               mc_p.l(_chval.o)
    0x08000c26   0x08000c26   0x00000002   PAD
    0x08000c28   0x08000c28   0x0000002c   Code   RO         9578    .text               mc_p.l(scanf_char.o)
    0x08000c54   0x08000c54   0x00000044   Code   RO         9580    .text               mc_p.l(_sgetc.o)
    0x08000c98   0x08000c98   0x00000000   Code   RO         9582    .text               mc_p.l(iusefp.o)
    0x08000c98   0x08000c98   0x00000082   Code   RO         9583    .text               mf_p.l(fepilogue.o)
    0x08000d1a   0x08000d1a   0x0000003e   Code   RO         9585    .text               mf_p.l(frnd.o)
    0x08000d58   0x08000d58   0x000000be   Code   RO         9587    .text               mf_p.l(depilogue.o)
    0x08000e16   0x08000e16   0x000000a2   Code   RO         9591    .text               mf_p.l(dsqrt.o)
    0x08000eb8   0x08000eb8   0x0000007c   Code   RO         9593    .text               mf_p.l(drnd.o)
    0x08000f34   0x08000f34   0x00000040   Code   RO         9595    .text               mf_p.l(dfixul.o)
    0x08000f74   0x08000f74   0x00000024   Code   RO         9597    .text               mc_p.l(init.o)
    0x08000f98   0x08000f98   0x00000338   Code   RO         9600    .text               mc_p.l(_scanf.o)
    0x080012d0   0x080012d0   0x00000056   Code   RO         9611    .text               mc_p.l(__dczerorl2.o)
    0x08001326   0x08001326   0x00000002   PAD
    0x08001328   0x08001328   0x00000024   Code   RO         1914    i.ADC_DelayMicroSecond  stm32l0xx_hal_adc.o
    0x0800134c   0x0800134c   0x00000064   Code   RO         1916    i.ADC_Enable        stm32l0xx_hal_adc.o
    0x080013b0   0x080013b0   0x0000013c   Code   RO         9302    i.AES_CMAC_Final    cmac.o
    0x080014ec   0x080014ec   0x00000020   Code   RO         9303    i.AES_CMAC_Init     cmac.o
    0x0800150c   0x0800150c   0x00000010   Code   RO         9304    i.AES_CMAC_SetKey   cmac.o
    0x0800151c   0x0800151c   0x000000be   Code   RO         9305    i.AES_CMAC_Update   cmac.o
    0x080015da   0x080015da   0x00000002   PAD
    0x080015dc   0x080015dc   0x00000dfc   Code   RO         5021    i.AHRSupdate        main.o
    0x080023d8   0x080023d8   0x00000098   Code   RO         8554    i.AddMacCommand     loramac.o
    0x08002470   0x08002470   0x00000048   Code   RO         4704    i.BSP_oil_float_Init  bsp.o
    0x080024b8   0x080024b8   0x00000034   Code   RO         4706    i.BSP_powerLED_Init  bsp.o
    0x080024ec   0x080024ec   0x00000034   Code   RO         4707    i.BSP_sensor_DeInit  bsp.o
    0x08002520   0x08002520   0x00000038   Code   RO         4708    i.BSP_sensor_Init   bsp.o
    0x08002558   0x08002558   0x00000068   Code   RO         4709    i.BSP_sensor_Read   bsp.o
    0x080025c0   0x080025c0   0x00000018   Code   RO         6081    i.CMD_GetChar       command.o
    0x080025d8   0x080025d8   0x00000018   Code   RO         6082    i.CMD_Init          command.o
    0x080025f0   0x080025f0   0x00000054   Code   RO         6083    i.CMD_Process       command.o
    0x08002644   0x08002644   0x00000034   Code   RO         5022    i.CalYaw            main.o
    0x08002678   0x08002678   0x0000003c   Code   RO         8555    i.CalculateBackOff  loramac.o
    0x080026b4   0x080026b4   0x000001fc   Code   RO         9201    i.CircularQueue_Add  queue.o
    0x080028b0   0x080028b0   0x00000026   Code   RO         9203    i.CircularQueue_Init  queue.o
    0x080028d6   0x080028d6   0x00000002   PAD
    0x080028d8   0x080028d8   0x000000d0   Code   RO         9205    i.CircularQueue_Remove  queue.o
    0x080029a8   0x080029a8   0x000000a4   Code   RO         9206    i.CircularQueue_Sense  queue.o
    0x08002a4c   0x08002a4c   0x00000094   Code   RO         8203    i.CountNbOfEnabledChannels  regionus915.o
    0x08002ae0   0x08002ae0   0x00000034   Code   RO         5024    i.CountTurns        main.o
    0x08002b14   0x08002b14   0x00000060   Code   RO         4779    i.DBG_Init          debug.o
    0x08002b74   0x08002b74   0x00000008   Code   RO         5332    i.DMA1_Channel4_5_6_7_IRQHandler  stm32l0xx_it.o
    0x08002b7c   0x08002b7c   0x0000001e   Code   RO         2645    i.DMA_SetConfig     stm32l0xx_hal_dma.o
    0x08002b9a   0x08002b9a   0x00000008   Code   RO         8910    i.DelayMs           delay.o
    0x08002ba2   0x08002ba2   0x00000010   Code   RO         5334    i.EXTI0_1_IRQHandler  stm32l0xx_it.o
    0x08002bb2   0x08002bb2   0x00000010   Code   RO         5335    i.EXTI2_3_IRQHandler  stm32l0xx_it.o
    0x08002bc2   0x08002bc2   0x00000002   PAD
    0x08002bc4   0x08002bc4   0x00000074   Code   RO         5336    i.EXTI4_15_IRQHandler  stm32l0xx_it.o
    0x08002c38   0x08002c38   0x00000048   Code   RO         6559    i.EXTI4_15_IRQHandler_Config  exti_wakeup.o
    0x08002c80   0x08002c80   0x00000002   Code   RO         4780    i.Error_Handler     debug.o
    0x08002c82   0x08002c82   0x00000002   PAD
    0x08002c84   0x08002c84   0x0000002c   Code   RO         4495    i.FLASH_PageErase   stm32l0xx_hal_flash_ex.o
    0x08002cb0   0x08002cb0   0x00000090   Code   RO         4603    i.FLASH_SetErrorCode  stm32l0xx_hal_flash.o
    0x08002d40   0x08002d40   0x00000070   Code   RO         4604    i.FLASH_WaitForLastOperation  stm32l0xx_hal_flash.o
    0x08002db0   0x08002db0   0x00000050   Code   RO          426    i.FLASH_erase       flash_eraseprogram.o
    0x08002e00   0x08002e00   0x00000054   Code   RO          427    i.FLASH_program     flash_eraseprogram.o
    0x08002e54   0x08002e54   0x00000044   Code   RO          428    i.FLASH_program_on_addr  flash_eraseprogram.o
    0x08002e98   0x08002e98   0x00000010   Code   RO          429    i.FLASH_read        flash_eraseprogram.o
    0x08002ea8   0x08002ea8   0x0000002c   Code   RO          473    i.GPS_INFO_update   gps.o
    0x08002ed4   0x08002ed4   0x00000020   Code   RO          474    i.GPS_INPUT         gps.o
    0x08002ef4   0x08002ef4   0x00000044   Code   RO          476    i.GPS_Run           gps.o
    0x08002f38   0x08002f38   0x00000050   Code   RO          478    i.GPS_doinit        gps.o
    0x08002f88   0x08002f88   0x00000068   Code   RO          479    i.GPS_init          gps.o
    0x08002ff0   0x08002ff0   0x000005b0   Code   RO          480    i.GPS_parse         gps.o
    0x080035a0   0x080035a0   0x00000070   Code   RO          481    i.GPS_usart         gps.o
    0x08003610   0x08003610   0x00000024   Code   RO         8204    i.GetBandwidth      regionus915.o
    0x08003634   0x08003634   0x0000002c   Code   RO            3    i.GetFskBandwidthRegValue  sx1276.o
    0x08003660   0x08003660   0x000000aa   Code   RO         3904    i.HAL_ADCEx_Calibration_Start  stm32l0xx_hal_adc_ex.o
    0x0800370a   0x0800370a   0x00000002   PAD
    0x0800370c   0x0800370c   0x00000094   Code   RO         1918    i.HAL_ADC_ConfigChannel  stm32l0xx_hal_adc.o
    0x080037a0   0x080037a0   0x00000006   Code   RO         1925    i.HAL_ADC_GetValue  stm32l0xx_hal_adc.o
    0x080037a6   0x080037a6   0x00000002   PAD
    0x080037a8   0x080037a8   0x000001c4   Code   RO         1927    i.HAL_ADC_Init      stm32l0xx_hal_adc.o
    0x0800396c   0x0800396c   0x00000002   Code   RO         1930    i.HAL_ADC_MspInit   stm32l0xx_hal_adc.o
    0x0800396e   0x0800396e   0x000000be   Code   RO         1931    i.HAL_ADC_PollForConversion  stm32l0xx_hal_adc.o
    0x08003a2c   0x08003a2c   0x0000005c   Code   RO         1933    i.HAL_ADC_Start     stm32l0xx_hal_adc.o
    0x08003a88   0x08003a88   0x00000010   Code   RO         2318    i.HAL_DBGMCU_DisableDBGSleepMode  stm32l0xx_hal.o
    0x08003a98   0x08003a98   0x00000010   Code   RO         2319    i.HAL_DBGMCU_DisableDBGStandbyMode  stm32l0xx_hal.o
    0x08003aa8   0x08003aa8   0x00000010   Code   RO         2320    i.HAL_DBGMCU_DisableDBGStopMode  stm32l0xx_hal.o
    0x08003ab8   0x08003ab8   0x00000098   Code   RO         2647    i.HAL_DMA_Abort_IT  stm32l0xx_hal_dma.o
    0x08003b50   0x08003b50   0x00000280   Code   RO         2651    i.HAL_DMA_IRQHandler  stm32l0xx_hal_dma.o
    0x08003dd0   0x08003dd0   0x00000108   Code   RO         2652    i.HAL_DMA_Init      stm32l0xx_hal_dma.o
    0x08003ed8   0x08003ed8   0x0000004e   Code   RO         2655    i.HAL_DMA_Start_IT  stm32l0xx_hal_dma.o
    0x08003f26   0x08003f26   0x0000000a   Code   RO         5164    i.HAL_Delay         stm32l0xx_hal_msp.o
    0x08003f30   0x08003f30   0x00000078   Code   RO         4504    i.HAL_FLASHEx_Erase  stm32l0xx_hal_flash_ex.o
    0x08003fa8   0x08003fa8   0x00000014   Code   RO         4608    i.HAL_FLASH_Lock    stm32l0xx_hal_flash.o
    0x08003fbc   0x08003fbc   0x0000003c   Code   RO         4613    i.HAL_FLASH_Program  stm32l0xx_hal_flash.o
    0x08003ff8   0x08003ff8   0x0000003c   Code   RO         4615    i.HAL_FLASH_Unlock  stm32l0xx_hal_flash.o
    0x08004034   0x08004034   0x00000030   Code   RO         5165    i.HAL_GPIO_EXTI_Callback  stm32l0xx_hal_msp.o
    0x08004064   0x08004064   0x00000018   Code   RO         2585    i.HAL_GPIO_EXTI_IRQHandler  stm32l0xx_hal_gpio.o
    0x0800407c   0x0800407c   0x00000184   Code   RO         2586    i.HAL_GPIO_Init     stm32l0xx_hal_gpio.o
    0x08004200   0x08004200   0x0000000a   Code   RO         2588    i.HAL_GPIO_ReadPin  stm32l0xx_hal_gpio.o
    0x0800420a   0x0800420a   0x0000000c   Code   RO         2590    i.HAL_GPIO_WritePin  stm32l0xx_hal_gpio.o
    0x08004216   0x08004216   0x00000002   PAD
    0x08004218   0x08004218   0x0000000c   Code   RO         2329    i.HAL_GetTick       stm32l0xx_hal.o
    0x08004224   0x08004224   0x00000010   Code   RO         2330    i.HAL_IncTick       stm32l0xx_hal.o
    0x08004234   0x08004234   0x00000020   Code   RO         2331    i.HAL_Init          stm32l0xx_hal.o
    0x08004254   0x08004254   0x00000004   Code   RO         5166    i.HAL_InitTick      stm32l0xx_hal_msp.o
    0x08004258   0x08004258   0x0000002c   Code   RO         5167    i.HAL_MspInit       stm32l0xx_hal_msp.o
    0x08004284   0x08004284   0x00000014   Code   RO         2486    i.HAL_NVIC_EnableIRQ  stm32l0xx_hal_cortex.o
    0x08004298   0x08004298   0x00000008   Code   RO         2490    i.HAL_NVIC_SetPriority  stm32l0xx_hal_cortex.o
    0x080042a0   0x080042a0   0x00000010   Code   RO         2843    i.HAL_PWREx_EnableFastWakeUp  stm32l0xx_hal_pwr_ex.o
    0x080042b0   0x080042b0   0x00000010   Code   RO         2845    i.HAL_PWREx_EnableUltraLowPower  stm32l0xx_hal_pwr_ex.o
    0x080042c0   0x080042c0   0x00000010   Code   RO         2727    i.HAL_PWR_DisablePVD  stm32l0xx_hal_pwr.o
    0x080042d0   0x080042d0   0x00000030   Code   RO         2736    i.HAL_PWR_EnterSLEEPMode  stm32l0xx_hal_pwr.o
    0x08004300   0x08004300   0x00000034   Code   RO         2738    i.HAL_PWR_EnterSTOPMode  stm32l0xx_hal_pwr.o
    0x08004334   0x08004334   0x000001c0   Code   RO         2203    i.HAL_RCCEx_GetPeriphCLKFreq  stm32l0xx_hal_rcc_ex.o
    0x080044f4   0x080044f4   0x0000018c   Code   RO         2206    i.HAL_RCCEx_PeriphCLKConfig  stm32l0xx_hal_rcc_ex.o
    0x08004680   0x08004680   0x00000168   Code   RO         2092    i.HAL_RCC_ClockConfig  stm32l0xx_hal_rcc.o
    0x080047e8   0x080047e8   0x00000020   Code   RO         2098    i.HAL_RCC_GetPCLK1Freq  stm32l0xx_hal_rcc.o
    0x08004808   0x08004808   0x00000020   Code   RO         2099    i.HAL_RCC_GetPCLK2Freq  stm32l0xx_hal_rcc.o
    0x08004828   0x08004828   0x00000078   Code   RO         2100    i.HAL_RCC_GetSysClockFreq  stm32l0xx_hal_rcc.o
    0x080048a0   0x080048a0   0x0000045c   Code   RO         2103    i.HAL_RCC_OscConfig  stm32l0xx_hal_rcc.o
    0x08004cfc   0x08004cfc   0x0000003c   Code   RO         3038    i.HAL_RTCEx_EnableBypassShadow  stm32l0xx_hal_rtc_ex.o
    0x08004d38   0x08004d38   0x00000008   Code   RO         5168    i.HAL_RTC_AlarmAEventCallback  stm32l0xx_hal_msp.o
    0x08004d40   0x08004d40   0x000000b8   Code   RO         2899    i.HAL_RTC_DeactivateAlarm  stm32l0xx_hal_rtc.o
    0x08004df8   0x08004df8   0x00000044   Code   RO         2901    i.HAL_RTC_GetDate   stm32l0xx_hal_rtc.o
    0x08004e3c   0x08004e3c   0x0000005c   Code   RO         2903    i.HAL_RTC_GetTime   stm32l0xx_hal_rtc.o
    0x08004e98   0x08004e98   0x000000a4   Code   RO         2904    i.HAL_RTC_Init      stm32l0xx_hal_rtc.o
    0x08004f3c   0x08004f3c   0x0000005c   Code   RO         5170    i.HAL_RTC_MspInit   stm32l0xx_hal_msp.o
    0x08004f98   0x08004f98   0x000001a0   Code   RO         2909    i.HAL_RTC_SetAlarm_IT  stm32l0xx_hal_rtc.o
    0x08005138   0x08005138   0x000000cc   Code   RO         2910    i.HAL_RTC_SetDate   stm32l0xx_hal_rtc.o
    0x08005204   0x08005204   0x000000f0   Code   RO         2911    i.HAL_RTC_SetTime   stm32l0xx_hal_rtc.o
    0x080052f4   0x080052f4   0x00000034   Code   RO         2912    i.HAL_RTC_WaitForSynchro  stm32l0xx_hal_rtc.o
    0x08005328   0x08005328   0x00000084   Code   RO         1341    i.HAL_SPI_Init      stm32l0xx_hal_spi.o
    0x080053ac   0x080053ac   0x00000002   Code   RO         1343    i.HAL_SPI_MspInit   stm32l0xx_hal_spi.o
    0x080053ae   0x080053ae   0x000002b8   Code   RO         1350    i.HAL_SPI_TransmitReceive  stm32l0xx_hal_spi.o
    0x08005666   0x08005666   0x0000002a   Code   RO         3963    i.HAL_UARTEx_EnableStopMode  stm32l0xx_hal_uart_ex.o
    0x08005690   0x08005690   0x00000098   Code   RO         3964    i.HAL_UARTEx_StopModeWakeUpSourceConfig  stm32l0xx_hal_uart_ex.o
    0x08005728   0x08005728   0x00000002   Code   RO         3965    i.HAL_UARTEx_WakeupCallback  stm32l0xx_hal_uart_ex.o
    0x0800572a   0x0800572a   0x00000002   Code   RO         1590    i.HAL_UART_ErrorCallback  stm32l0xx_hal_uart.o
    0x0800572c   0x0800572c   0x00000144   Code   RO         1593    i.HAL_UART_IRQHandler  stm32l0xx_hal_uart.o
    0x08005870   0x08005870   0x0000006c   Code   RO         1594    i.HAL_UART_Init     stm32l0xx_hal_uart.o
    0x080058dc   0x080058dc   0x000000b4   Code   RO         5440    i.HAL_UART_MspInit  vcom.o
    0x08005990   0x08005990   0x000000a0   Code   RO         1599    i.HAL_UART_Receive_IT  stm32l0xx_hal_uart.o
    0x08005a30   0x08005a30   0x00000028   Code   RO         5441    i.HAL_UART_RxCpltCallback  vcom.o
    0x08005a58   0x08005a58   0x00000098   Code   RO         1603    i.HAL_UART_Transmit_DMA  stm32l0xx_hal_uart.o
    0x08005af0   0x08005af0   0x00000010   Code   RO         5442    i.HAL_UART_TxCpltCallback  vcom.o
    0x08005b00   0x08005b00   0x00000002   Code   RO         1606    i.HAL_UART_TxHalfCpltCallback  stm32l0xx_hal_uart.o
    0x08005b02   0x08005b02   0x00000002   PAD
    0x08005b04   0x08005b04   0x0000005c   Code   RO         5227    i.HW_AdcInit        stm32l0xx_hw.o
    0x08005b60   0x08005b60   0x00000094   Code   RO         5228    i.HW_AdcReadChannel  stm32l0xx_hw.o
    0x08005bf4   0x08005bf4   0x00000038   Code   RO         4805    i.HW_GPIO_GetBitPos  hw_gpio.o
    0x08005c2c   0x08005c2c   0x00000054   Code   RO         4806    i.HW_GPIO_Init      hw_gpio.o
    0x08005c80   0x08005c80   0x00000018   Code   RO         4807    i.HW_GPIO_IrqHandler  hw_gpio.o
    0x08005c98   0x08005c98   0x0000003c   Code   RO         4809    i.HW_GPIO_SetIrq    hw_gpio.o
    0x08005cd4   0x08005cd4   0x0000000a   Code   RO         4810    i.HW_GPIO_Write     hw_gpio.o
    0x08005cde   0x08005cde   0x00000002   PAD
    0x08005ce0   0x08005ce0   0x0000005c   Code   RO         5230    i.HW_GetBatteryLevel  stm32l0xx_hw.o
    0x08005d3c   0x08005d3c   0x00000014   Code   RO         5231    i.HW_GetRandomSeed  stm32l0xx_hw.o
    0x08005d50   0x08005d50   0x00000058   Code   RO         5232    i.HW_GetTemperatureLevel  stm32l0xx_hw.o
    0x08005da8   0x08005da8   0x00000044   Code   RO         5233    i.HW_GetUniqueId    stm32l0xx_hw.o
    0x08005dec   0x08005dec   0x00000034   Code   RO         5235    i.HW_Init           stm32l0xx_hw.o
    0x08005e20   0x08005e20   0x00000026   Code   RO         4856    i.HW_RTC_DelayMs    hw_rtc.o
    0x08005e46   0x08005e46   0x00000002   PAD
    0x08005e48   0x08005e48   0x000000a4   Code   RO         4857    i.HW_RTC_GetCalendarValue  hw_rtc.o
    0x08005eec   0x08005eec   0x00000004   Code   RO         4858    i.HW_RTC_GetMinimumTimeout  hw_rtc.o
    0x08005ef0   0x08005ef0   0x0000000c   Code   RO         4859    i.HW_RTC_GetTimerContext  hw_rtc.o
    0x08005efc   0x08005efc   0x0000001c   Code   RO         4860    i.HW_RTC_GetTimerElapsedTime  hw_rtc.o
    0x08005f18   0x08005f18   0x00000010   Code   RO         4861    i.HW_RTC_GetTimerValue  hw_rtc.o
    0x08005f28   0x08005f28   0x0000002c   Code   RO         4862    i.HW_RTC_Init       hw_rtc.o
    0x08005f54   0x08005f54   0x0000003c   Code   RO         4863    i.HW_RTC_IrqHandler  hw_rtc.o
    0x08005f90   0x08005f90   0x0000003c   Code   RO         4864    i.HW_RTC_SetAlarm   hw_rtc.o
    0x08005fcc   0x08005fcc   0x00000060   Code   RO         4865    i.HW_RTC_SetConfig  hw_rtc.o
    0x0800602c   0x0800602c   0x00000018   Code   RO         4866    i.HW_RTC_SetTimerContext  hw_rtc.o
    0x08006044   0x08006044   0x00000118   Code   RO         4867    i.HW_RTC_StartWakeUpAlarm  hw_rtc.o
    0x0800615c   0x0800615c   0x00000020   Code   RO         4868    i.HW_RTC_StopAlarm  hw_rtc.o
    0x0800617c   0x0800617c   0x00000010   Code   RO         4869    i.HW_RTC_Tick2ms    hw_rtc.o
    0x0800618c   0x0800618c   0x00000010   Code   RO         4871    i.HW_RTC_ms2Tick    hw_rtc.o
    0x0800619c   0x0800619c   0x00000020   Code   RO         4976    i.HW_SPI_InOut      hw_spi.o
    0x080061bc   0x080061bc   0x00000084   Code   RO         4977    i.HW_SPI_Init       hw_spi.o
    0x08006240   0x08006240   0x00000074   Code   RO         4978    i.HW_SPI_IoDeInit   hw_spi.o
    0x080062b4   0x080062b4   0x0000005c   Code   RO         4979    i.HW_SPI_IoInit     hw_spi.o
    0x08006310   0x08006310   0x00000004   Code   RO         5337    i.HardFault_Handler  stm32l0xx_it.o
    0x08006314   0x08006314   0x00000040   Code   RO          799    i.IIC_Ack           iic.o
    0x08006354   0x08006354   0x0000000e   Code   RO          800    i.IIC_Delay         iic.o
    0x08006362   0x08006362   0x00000002   PAD
    0x08006364   0x08006364   0x00000038   Code   RO          801    i.IIC_GPIO_MODE_Config  iic.o
    0x0800639c   0x0800639c   0x00000040   Code   RO          802    i.IIC_NAck          iic.o
    0x080063dc   0x080063dc   0x00000060   Code   RO          803    i.IIC_ReadByte      iic.o
    0x0800643c   0x0800643c   0x00000068   Code   RO          804    i.IIC_SendByte      iic.o
    0x080064a4   0x080064a4   0x00000044   Code   RO          805    i.IIC_Start         iic.o
    0x080064e8   0x080064e8   0x00000042   Code   RO          806    i.IIC_Stop          iic.o
    0x0800652a   0x0800652a   0x0000005c   Code   RO          807    i.IIC_WaitAck       iic.o
    0x08006586   0x08006586   0x00000002   PAD
    0x08006588   0x08006588   0x00000044   Code   RO         5025    i.LORA_ConfirmClass  main.o
    0x080065cc   0x080065cc   0x0000000c   Code   RO         6138    i.LORA_GPS          lora.o
    0x080065d8   0x080065d8   0x0000000c   Code   RO         6139    i.LORA_GPS_MPU      lora.o
    0x080065e4   0x080065e4   0x00000074   Code   RO         5026    i.LORA_HasJoined    main.o
    0x08006658   0x08006658   0x0000018c   Code   RO         6141    i.LORA_Init         lora.o
    0x080067e4   0x080067e4   0x00000098   Code   RO         6142    i.LORA_Join         lora.o
    0x0800687c   0x0800687c   0x0000006c   Code   RO         6144    i.LORA_RequestClass  lora.o
    0x080068e8   0x080068e8   0x00000274   Code   RO         5027    i.LORA_RxData       main.o
    0x08006b5c   0x08006b5c   0x0000007c   Code   RO         6146    i.LORA_send         lora.o
    0x08006bd8   0x08006bd8   0x0000007c   Code   RO          694    i.LPF2pApply_1      filter.o
    0x08006c54   0x08006c54   0x0000007c   Code   RO          695    i.LPF2pApply_2      filter.o
    0x08006cd0   0x08006cd0   0x0000007c   Code   RO          696    i.LPF2pApply_3      filter.o
    0x08006d4c   0x08006d4c   0x0000007c   Code   RO          697    i.LPF2pApply_4      filter.o
    0x08006dc8   0x08006dc8   0x0000007c   Code   RO          698    i.LPF2pApply_5      filter.o
    0x08006e44   0x08006e44   0x0000007c   Code   RO          699    i.LPF2pApply_6      filter.o
    0x08006ec0   0x08006ec0   0x000000c4   Code   RO          700    i.LPF2pSetCutoffFreq_1  filter.o
    0x08006f84   0x08006f84   0x000000c4   Code   RO          701    i.LPF2pSetCutoffFreq_2  filter.o
    0x08007048   0x08007048   0x000000c4   Code   RO          702    i.LPF2pSetCutoffFreq_3  filter.o
    0x0800710c   0x0800710c   0x000000c4   Code   RO          703    i.LPF2pSetCutoffFreq_4  filter.o
    0x080071d0   0x080071d0   0x000000c4   Code   RO          704    i.LPF2pSetCutoffFreq_5  filter.o
    0x08007294   0x08007294   0x000000c4   Code   RO          705    i.LPF2pSetCutoffFreq_6  filter.o
    0x08007358   0x08007358   0x00000034   Code   RO         8935    i.LPM_EnterLowPower  low_power_manager.o
    0x0800738c   0x0800738c   0x00000002   Code   RO         8936    i.LPM_EnterOffMode  low_power_manager.o
    0x0800738e   0x0800738e   0x0000000c   Code   RO         5236    i.LPM_EnterSleepMode  stm32l0xx_hw.o
    0x0800739a   0x0800739a   0x00000002   PAD
    0x0800739c   0x0800739c   0x00000044   Code   RO         5237    i.LPM_EnterStopMode  stm32l0xx_hw.o
    0x080073e0   0x080073e0   0x00000002   Code   RO         8939    i.LPM_ExitOffMode   low_power_manager.o
    0x080073e2   0x080073e2   0x00000002   Code   RO         8940    i.LPM_ExitSleepMode  low_power_manager.o
    0x080073e4   0x080073e4   0x00000054   Code   RO         5238    i.LPM_ExitStopMode  stm32l0xx_hw.o
    0x08007438   0x08007438   0x00000028   Code   RO         8942    i.LPM_GetMode       low_power_manager.o
    0x08007460   0x08007460   0x00000028   Code   RO         8943    i.LPM_SetOffMode    low_power_manager.o
    0x08007488   0x08007488   0x00000028   Code   RO         8944    i.LPM_SetStopMode   low_power_manager.o
    0x080074b0   0x080074b0   0x00000032   Code   RO         8205    i.LimitTxPower      regionus915.o
    0x080074e2   0x080074e2   0x00000002   PAD
    0x080074e4   0x080074e4   0x0000007c   Code   RO         8796    i.LoRaMacComputeMic  loramaccrypto.o
    0x08007560   0x08007560   0x00000234   Code   RO         8558    i.LoRaMacInitialization  loramac.o
    0x08007794   0x08007794   0x00000048   Code   RO         8797    i.LoRaMacJoinComputeMic  loramaccrypto.o
    0x080077dc   0x080077dc   0x00000088   Code   RO         8798    i.LoRaMacJoinComputeSKeys  loramaccrypto.o
    0x08007864   0x08007864   0x00000040   Code   RO         8799    i.LoRaMacJoinDecrypt  loramaccrypto.o
    0x080078a4   0x080078a4   0x0000012c   Code   RO         8559    i.LoRaMacMcpsRequest  loramac.o
    0x080079d0   0x080079d0   0x000000f8   Code   RO         8560    i.LoRaMacMibGetRequestConfirm  loramac.o
    0x08007ac8   0x08007ac8   0x0000026c   Code   RO         8561    i.LoRaMacMibSetRequestConfirm  loramac.o
    0x08007d34   0x08007d34   0x00000138   Code   RO         8562    i.LoRaMacMlmeRequest  loramac.o
    0x08007e6c   0x08007e6c   0x00000010   Code   RO         8800    i.LoRaMacPayloadDecrypt  loramaccrypto.o
    0x08007e7c   0x08007e7c   0x000000c0   Code   RO         8801    i.LoRaMacPayloadEncrypt  loramaccrypto.o
    0x08007f3c   0x08007f3c   0x000000b8   Code   RO         8565    i.LoRaMacQueryTxPossible  loramac.o
    0x08007ff4   0x08007ff4   0x00000020   Code   RO         8568    i.LoRaMacTestSetDutyCycleOn  loramac.o
    0x08008014   0x08008014   0x000000b4   Code   RO          883    i.MPU_Get_Accel     mpu9250.o
    0x080080c8   0x080080c8   0x00000038   Code   RO          884    i.MPU_Get_Accelerometer  mpu9250.o
    0x08008100   0x08008100   0x00000078   Code   RO          885    i.MPU_Get_Gyro      mpu9250.o
    0x08008178   0x08008178   0x00000032   Code   RO          886    i.MPU_Get_Gyroscope  mpu9250.o
    0x080081aa   0x080081aa   0x00000002   PAD
    0x080081ac   0x080081ac   0x00000130   Code   RO          887    i.MPU_Get_Mag       mpu9250.o
    0x080082dc   0x080082dc   0x000000f4   Code   RO          888    i.MPU_Get_Magnetometer  mpu9250.o
    0x080083d0   0x080083d0   0x000000f0   Code   RO          890    i.MPU_Init          mpu9250.o
    0x080084c0   0x080084c0   0x00000040   Code   RO          891    i.MPU_Read_Byte     mpu9250.o
    0x08008500   0x08008500   0x00000064   Code   RO          892    i.MPU_Read_Len      mpu9250.o
    0x08008564   0x08008564   0x00000010   Code   RO          893    i.MPU_Set_Accel_Fsr  mpu9250.o
    0x08008574   0x08008574   0x00000012   Code   RO          894    i.MPU_Set_Gyro_Fsr  mpu9250.o
    0x08008586   0x08008586   0x00000036   Code   RO          895    i.MPU_Set_LPF       mpu9250.o
    0x080085bc   0x080085bc   0x00000030   Code   RO          896    i.MPU_Set_Rate      mpu9250.o
    0x080085ec   0x080085ec   0x00000044   Code   RO          897    i.MPU_Write_Byte    mpu9250.o
    0x08008630   0x08008630   0x00000030   Code   RO         5171    i.MSP_GetIRQn       stm32l0xx_hal_msp.o
    0x08008660   0x08008660   0x00000002   Code   RO         6147    i.McpsConfirm       lora.o
    0x08008662   0x08008662   0x00000002   PAD
    0x08008664   0x08008664   0x00000058   Code   RO         6148    i.McpsIndication    lora.o
    0x080086bc   0x080086bc   0x00000040   Code   RO         6149    i.MlmeConfirm       lora.o
    0x080086fc   0x080086fc   0x00000002   Code   RO         5339    i.NMI_Handler       stm32l0xx_it.o
    0x080086fe   0x080086fe   0x00000002   PAD
    0x08008700   0x08008700   0x00000044   Code   RO         2496    i.NVIC_SetPriority  stm32l0xx_hal_cortex.o
    0x08008744   0x08008744   0x0000001c   Code   RO         5028    i.NVIC_SystemReset  main.o
    0x08008760   0x08008760   0x0000001c   Code   RO         5529    i.NVIC_SystemReset  at.o
    0x0800877c   0x0800877c   0x00000038   Code   RO         8570    i.OnAckTimeoutTimerEvent  loramac.o
    0x080087b4   0x080087b4   0x00000008   Code   RO         8855    i.OnCertifTxNextPacketTimerEvent  lora-test.o
    0x080087bc   0x080087bc   0x00000278   Code   RO         8571    i.OnMacStateCheckTimerEvent  loramac.o
    0x08008a34   0x08008a34   0x000004d4   Code   RO         8572    i.OnRadioRxDone     loramac.o
    0x08008f08   0x08008f08   0x00000060   Code   RO         8573    i.OnRadioRxError    loramac.o
    0x08008f68   0x08008f68   0x00000068   Code   RO         8574    i.OnRadioRxTimeout  loramac.o
    0x08008fd0   0x08008fd0   0x000000ec   Code   RO         8575    i.OnRadioTxDone     loramac.o
    0x080090bc   0x080090bc   0x0000003c   Code   RO         8576    i.OnRadioTxTimeout  loramac.o
    0x080090f8   0x080090f8   0x00000060   Code   RO         8577    i.OnRxWindow1TimerEvent  loramac.o
    0x08009158   0x08009158   0x0000005c   Code   RO         8578    i.OnRxWindow2TimerEvent  loramac.o
    0x080091b4   0x080091b4   0x00000070   Code   RO         8579    i.OnTxDelayedTimerEvent  loramac.o
    0x08009224   0x08009224   0x00000028   Code   RO         5029    i.OnTxTimerEvent    main.o
    0x0800924c   0x0800924c   0x00000018   Code   RO          483    i.POWER_ON          gps.o
    0x08009264   0x08009264   0x00000054   Code   RO         8580    i.ParseMacCommandsToRepeat  loramac.o
    0x080092b8   0x080092b8   0x00000002   Code   RO         5340    i.PendSV_Handler    stm32l0xx_it.o
    0x080092ba   0x080092ba   0x00000002   PAD
    0x080092bc   0x080092bc   0x00000280   Code   RO         8581    i.PrepareFrame      loramac.o
    0x0800953c   0x0800953c   0x0000003c   Code   RO         8582    i.PrepareRxDoneAbort  loramac.o
    0x08009578   0x08009578   0x000002b8   Code   RO         8583    i.ProcessMacCommands  loramac.o
    0x08009830   0x08009830   0x00000070   Code   RO         2104    i.RCC_SetFlashLatencyFromMSIRange  stm32l0xx_hal_rcc.o
    0x080098a0   0x080098a0   0x00000008   Code   RO         5341    i.RNG_LPUART1_IRQHandler  stm32l0xx_it.o
    0x080098a8   0x080098a8   0x00000010   Code   RO         2913    i.RTC_Bcd2ToByte    stm32l0xx_hal_rtc.o
    0x080098b8   0x080098b8   0x00000016   Code   RO         2914    i.RTC_ByteToBcd2    stm32l0xx_hal_rtc.o
    0x080098ce   0x080098ce   0x00000038   Code   RO         2915    i.RTC_EnterInitMode  stm32l0xx_hal_rtc.o
    0x08009906   0x08009906   0x00000008   Code   RO         5342    i.RTC_IRQHandler    stm32l0xx_it.o
    0x0800990e   0x0800990e   0x00000002   PAD
    0x08009910   0x08009910   0x000001e8   Code   RO         6150    i.Read_Config       lora.o
    0x08009af8   0x08009af8   0x0000043c   Code   RO         5030    i.RecordAccel       main.o
    0x08009f34   0x08009f34   0x0000001e   Code   RO         6585    i.RegionAdrNext     region.o
    0x08009f52   0x08009f52   0x00000012   Code   RO         6586    i.RegionAlternateDr  region.o
    0x08009f64   0x08009f64   0x0000000e   Code   RO         6587    i.RegionApplyCFList  region.o
    0x08009f72   0x08009f72   0x0000001a   Code   RO         6588    i.RegionApplyDrOffset  region.o
    0x08009f8c   0x08009f8c   0x0000000e   Code   RO         6589    i.RegionCalcBackOff  region.o
    0x08009f9a   0x08009f9a   0x00000012   Code   RO         6590    i.RegionChanMaskSet  region.o
    0x08009fac   0x08009fac   0x0000005c   Code   RO         7423    i.RegionCommonCalcBackOff  regioncommon.o
    0x0800a008   0x0800a008   0x00000026   Code   RO         7424    i.RegionCommonChanDisable  regioncommon.o
    0x0800a02e   0x0800a02e   0x0000001e   Code   RO         7425    i.RegionCommonChanMaskCopy  regioncommon.o
    0x0800a04c   0x0800a04c   0x00000060   Code   RO         7426    i.RegionCommonChanVerifyDr  regioncommon.o
    0x0800a0ac   0x0800a0ac   0x00000090   Code   RO         7427    i.RegionCommonComputeRxWindowParameters  regioncommon.o
    0x0800a13c   0x0800a13c   0x0000002c   Code   RO         7429    i.RegionCommonComputeSymbolTimeLoRa  regioncommon.o
    0x0800a168   0x0800a168   0x00000028   Code   RO         7430    i.RegionCommonComputeTxPower  regioncommon.o
    0x0800a190   0x0800a190   0x00000044   Code   RO         7431    i.RegionCommonCountChannels  regioncommon.o
    0x0800a1d4   0x0800a1d4   0x00000028   Code   RO         7432    i.RegionCommonGetJoinDc  regioncommon.o
    0x0800a1fc   0x0800a1fc   0x00000098   Code   RO         7433    i.RegionCommonLinkAdrReqVerifyParams  regioncommon.o
    0x0800a294   0x0800a294   0x00000036   Code   RO         7434    i.RegionCommonParseLinkAdrReq  regioncommon.o
    0x0800a2ca   0x0800a2ca   0x0000000a   Code   RO         7435    i.RegionCommonSetBandTxDone  regioncommon.o
    0x0800a2d4   0x0800a2d4   0x000000be   Code   RO         7436    i.RegionCommonUpdateBandTimeOff  regioncommon.o
    0x0800a392   0x0800a392   0x00000010   Code   RO         7437    i.RegionCommonValueInRange  regioncommon.o
    0x0800a3a2   0x0800a3a2   0x0000001a   Code   RO         6593    i.RegionComputeRxWindowParameters  region.o
    0x0800a3bc   0x0800a3bc   0x00000012   Code   RO         6594    i.RegionDlChannelReq  region.o
    0x0800a3ce   0x0800a3ce   0x00000014   Code   RO         6595    i.RegionGetPhyParam  region.o
    0x0800a3e2   0x0800a3e2   0x0000000e   Code   RO         6596    i.RegionInitDefaults  region.o
    0x0800a3f0   0x0800a3f0   0x0000000c   Code   RO         6597    i.RegionIsActive    region.o
    0x0800a3fc   0x0800a3fc   0x00000022   Code   RO         6598    i.RegionLinkAdrReq  region.o
    0x0800a41e   0x0800a41e   0x00000012   Code   RO         6599    i.RegionNewChannelReq  region.o
    0x0800a430   0x0800a430   0x0000001e   Code   RO         6600    i.RegionNextChannel  region.o
    0x0800a44e   0x0800a44e   0x00000016   Code   RO         6601    i.RegionRxConfig    region.o
    0x0800a464   0x0800a464   0x00000012   Code   RO         6602    i.RegionRxParamSetupReq  region.o
    0x0800a476   0x0800a476   0x0000000e   Code   RO         6603    i.RegionSetBandTxDone  region.o
    0x0800a484   0x0800a484   0x0000000e   Code   RO         6604    i.RegionSetContinuousWave  region.o
    0x0800a492   0x0800a492   0x0000001a   Code   RO         6605    i.RegionTxConfig    region.o
    0x0800a4ac   0x0800a4ac   0x00000012   Code   RO         6606    i.RegionTxParamSetupReq  region.o
    0x0800a4be   0x0800a4be   0x00000002   PAD
    0x0800a4c0   0x0800a4c0   0x00000084   Code   RO         8206    i.RegionUS915AdrNext  regionus915.o
    0x0800a544   0x0800a544   0x00000018   Code   RO         8207    i.RegionUS915AlternateDr  regionus915.o
    0x0800a55c   0x0800a55c   0x00000002   Code   RO         8208    i.RegionUS915ApplyCFList  regionus915.o
    0x0800a55e   0x0800a55e   0x00000002   PAD
    0x0800a560   0x0800a560   0x00000018   Code   RO         8209    i.RegionUS915ApplyDrOffset  regionus915.o
    0x0800a578   0x0800a578   0x00000038   Code   RO         8210    i.RegionUS915CalcBackOff  regionus915.o
    0x0800a5b0   0x0800a5b0   0x0000005c   Code   RO         8211    i.RegionUS915ChanMaskSet  regionus915.o
    0x0800a60c   0x0800a60c   0x00000058   Code   RO         8214    i.RegionUS915ComputeRxWindowParameters  regionus915.o
    0x0800a664   0x0800a664   0x00000004   Code   RO         8215    i.RegionUS915DlChannelReq  regionus915.o
    0x0800a668   0x0800a668   0x000000c4   Code   RO         8216    i.RegionUS915GetPhyParam  regionus915.o
    0x0800a72c   0x0800a72c   0x00000130   Code   RO         8217    i.RegionUS915InitDefaults  regionus915.o
    0x0800a85c   0x0800a85c   0x0000015c   Code   RO         8218    i.RegionUS915LinkAdrReq  regionus915.o
    0x0800a9b8   0x0800a9b8   0x00000004   Code   RO         8219    i.RegionUS915NewChannelReq  regionus915.o
    0x0800a9bc   0x0800a9bc   0x000000d0   Code   RO         8220    i.RegionUS915NextChannel  regionus915.o
    0x0800aa8c   0x0800aa8c   0x000000a0   Code   RO         8221    i.RegionUS915RxConfig  regionus915.o
    0x0800ab2c   0x0800ab2c   0x00000088   Code   RO         8222    i.RegionUS915RxParamSetupReq  regionus915.o
    0x0800abb4   0x0800abb4   0x00000028   Code   RO         8223    i.RegionUS915SetBandTxDone  regionus915.o
    0x0800abdc   0x0800abdc   0x0000005c   Code   RO         8224    i.RegionUS915SetContinuousWave  regionus915.o
    0x0800ac38   0x0800ac38   0x000000e4   Code   RO         8225    i.RegionUS915TxConfig  regionus915.o
    0x0800ad1c   0x0800ad1c   0x00000006   Code   RO         8226    i.RegionUS915TxParamSetupReq  regionus915.o
    0x0800ad22   0x0800ad22   0x0000005e   Code   RO         8227    i.RegionUS915Verify  regionus915.o
    0x0800ad80   0x0800ad80   0x00000016   Code   RO         6607    i.RegionVerify      region.o
    0x0800ad96   0x0800ad96   0x00000002   PAD
    0x0800ad98   0x0800ad98   0x000000ac   Code   RO         8584    i.ResetMacParameters  loramac.o
    0x0800ae44   0x0800ae44   0x00000094   Code   RO            4    i.RxChainCalibration  sx1276.o
    0x0800aed8   0x0800aed8   0x00000018   Code   RO         8585    i.RxWindowSetup     loramac.o
    0x0800aef0   0x0800aef0   0x00000038   Code   RO          808    i.SDA_IN            iic.o
    0x0800af28   0x0800af28   0x00000038   Code   RO          809    i.SDA_OUT           iic.o
    0x0800af60   0x0800af60   0x000000b2   Code   RO         1371    i.SPI_WaitOnFlagUntilTimeout  stm32l0xx_hal_spi.o
    0x0800b012   0x0800b012   0x00000002   Code   RO         5343    i.SVC_Handler       stm32l0xx_it.o
    0x0800b014   0x0800b014   0x0000000c   Code   RO            5    i.SX1276BoardInit   sx1276.o
    0x0800b020   0x0800b020   0x00000004   Code   RO         1211    i.SX1276CheckRfFrequency  sx1276mb1las.o
    0x0800b024   0x0800b024   0x0000000c   Code   RO         1212    i.SX1276GetPaSelect  sx1276mb1las.o
    0x0800b030   0x0800b030   0x00000014   Code   RO            6    i.SX1276GetRadioWakeUpTime  sx1276.o
    0x0800b044   0x0800b044   0x0000000c   Code   RO            7    i.SX1276GetStatus   sx1276.o
    0x0800b050   0x0800b050   0x000001e4   Code   RO            8    i.SX1276GetTimeOnAir  sx1276.o
    0x0800b234   0x0800b234   0x00000004   Code   RO         1213    i.SX1276GetWakeTime  sx1276mb1las.o
    0x0800b238   0x0800b238   0x0000008c   Code   RO            9    i.SX1276Init        sx1276.o
    0x0800b2c4   0x0800b2c4   0x00000054   Code   RO         1214    i.SX1276IoDeInit    sx1276mb1las.o
    0x0800b318   0x0800b318   0x00000064   Code   RO         1215    i.SX1276IoInit      sx1276mb1las.o
    0x0800b37c   0x0800b37c   0x00000048   Code   RO         1216    i.SX1276IoIrqInit   sx1276mb1las.o
    0x0800b3c4   0x0800b3c4   0x0000004e   Code   RO           10    i.SX1276IsChannelFree  sx1276.o
    0x0800b412   0x0800b412   0x00000002   PAD
    0x0800b414   0x0800b414   0x0000027c   Code   RO           11    i.SX1276OnDio0Irq   sx1276.o
    0x0800b690   0x0800b690   0x000000d8   Code   RO           12    i.SX1276OnDio1Irq   sx1276.o
    0x0800b768   0x0800b768   0x000000b4   Code   RO           13    i.SX1276OnDio2Irq   sx1276.o
    0x0800b81c   0x0800b81c   0x00000054   Code   RO           14    i.SX1276OnDio3Irq   sx1276.o
    0x0800b870   0x0800b870   0x0000001c   Code   RO           15    i.SX1276OnDio4Irq   sx1276.o
    0x0800b88c   0x0800b88c   0x000000c8   Code   RO           17    i.SX1276OnTimeoutIrq  sx1276.o
    0x0800b954   0x0800b954   0x0000003e   Code   RO           18    i.SX1276Random      sx1276.o
    0x0800b992   0x0800b992   0x00000010   Code   RO           19    i.SX1276Read        sx1276.o
    0x0800b9a2   0x0800b9a2   0x00000042   Code   RO           20    i.SX1276ReadBuffer  sx1276.o
    0x0800b9e4   0x0800b9e4   0x0000000e   Code   RO           21    i.SX1276ReadFifo    sx1276.o
    0x0800b9f2   0x0800b9f2   0x00000002   PAD
    0x0800b9f4   0x0800b9f4   0x00000044   Code   RO           22    i.SX1276ReadRssi    sx1276.o
    0x0800ba38   0x0800ba38   0x00000050   Code   RO           23    i.SX1276Reset       sx1276.o
    0x0800ba88   0x0800ba88   0x000000f0   Code   RO           24    i.SX1276Send        sx1276.o
    0x0800bb78   0x0800bb78   0x0000001c   Code   RO         1217    i.SX1276SetAntSw    sx1276mb1las.o
    0x0800bb94   0x0800bb94   0x00000044   Code   RO         1218    i.SX1276SetAntSwLowPower  sx1276mb1las.o
    0x0800bbd8   0x0800bbd8   0x00000050   Code   RO           25    i.SX1276SetChannel  sx1276.o
    0x0800bc28   0x0800bc28   0x00000030   Code   RO           26    i.SX1276SetMaxPayloadLength  sx1276.o
    0x0800bc58   0x0800bc58   0x00000070   Code   RO           27    i.SX1276SetModem    sx1276.o
    0x0800bcc8   0x0800bcc8   0x0000005c   Code   RO           28    i.SX1276SetOpMode   sx1276.o
    0x0800bd24   0x0800bd24   0x00000024   Code   RO           29    i.SX1276SetPublicNetwork  sx1276.o
    0x0800bd48   0x0800bd48   0x000000a0   Code   RO         1219    i.SX1276SetRfTxPower  sx1276mb1las.o
    0x0800bde8   0x0800bde8   0x000001fc   Code   RO           30    i.SX1276SetRx       sx1276.o
    0x0800bfe4   0x0800bfe4   0x00000288   Code   RO           31    i.SX1276SetRxConfig  sx1276.o
    0x0800c26c   0x0800c26c   0x00000024   Code   RO           32    i.SX1276SetSleep    sx1276.o
    0x0800c290   0x0800c290   0x00000024   Code   RO           33    i.SX1276SetStby     sx1276.o
    0x0800c2b4   0x0800c2b4   0x000000a4   Code   RO           34    i.SX1276SetTx       sx1276.o
    0x0800c358   0x0800c358   0x000001fc   Code   RO           35    i.SX1276SetTxConfig  sx1276.o
    0x0800c554   0x0800c554   0x00000078   Code   RO           36    i.SX1276SetTxContinuousWave  sx1276.o
    0x0800c5cc   0x0800c5cc   0x00000002   Code   RO         1220    i.SX1276SetXO       sx1276mb1las.o
    0x0800c5ce   0x0800c5ce   0x00000002   PAD
    0x0800c5d0   0x0800c5d0   0x00000038   Code   RO           37    i.SX1276StartCad    sx1276.o
    0x0800c608   0x0800c608   0x0000000c   Code   RO           38    i.SX1276Write       sx1276.o
    0x0800c614   0x0800c614   0x00000042   Code   RO           39    i.SX1276WriteBuffer  sx1276.o
    0x0800c656   0x0800c656   0x0000000e   Code   RO           40    i.SX1276WriteFifo   sx1276.o
    0x0800c664   0x0800c664   0x00000134   Code   RO         8586    i.ScheduleTx        loramac.o
    0x0800c798   0x0800c798   0x0000054c   Code   RO         5031    i.Send              main.o
    0x0800cce4   0x0800cce4   0x00000040   Code   RO         8587    i.Send              loramac.o
    0x0800cd24   0x0800cd24   0x000000c4   Code   RO         8588    i.SendFrameOnChannel  loramac.o
    0x0800cde8   0x0800cde8   0x00000054   Code   RO         8589    i.SetTxContinuousWave  loramac.o
    0x0800ce3c   0x0800ce3c   0x0000003c   Code   RO         8590    i.SetTxContinuousWave1  loramac.o
    0x0800ce78   0x0800ce78   0x00000220   Code   RO         6151    i.Store_Config      lora.o
    0x0800d098   0x0800d098   0x00000070   Code   RO         6152    i.Store_key         lora.o
    0x0800d108   0x0800d108   0x00000008   Code   RO         5344    i.SysTick_Handler   stm32l0xx_it.o
    0x0800d110   0x0800d110   0x0000008c   Code   RO         5239    i.SystemClock_Config  stm32l0xx_hw.o
    0x0800d19c   0x0800d19c   0x00000054   Code   RO         1300    i.SystemInit        system_stm32l0xx.o
    0x0800d1f0   0x0800d1f0   0x0000000c   Code   RO         9011    i.TimerGetCurrentTime  timeserver.o
    0x0800d1fc   0x0800d1fc   0x00000018   Code   RO         9012    i.TimerGetElapsedTime  timeserver.o
    0x0800d214   0x0800d214   0x0000000e   Code   RO         9013    i.TimerInit         timeserver.o
    0x0800d222   0x0800d222   0x00000002   PAD
    0x0800d224   0x0800d224   0x0000001c   Code   RO         9014    i.TimerInsertNewHeadTimer  timeserver.o
    0x0800d240   0x0800d240   0x00000078   Code   RO         9015    i.TimerIrqHandler   timeserver.o
    0x0800d2b8   0x0800d2b8   0x0000002c   Code   RO         9017    i.TimerSetTimeout   timeserver.o
    0x0800d2e4   0x0800d2e4   0x00000022   Code   RO         9018    i.TimerSetValue     timeserver.o
    0x0800d306   0x0800d306   0x00000002   PAD
    0x0800d308   0x0800d308   0x00000070   Code   RO         9019    i.TimerStart        timeserver.o
    0x0800d378   0x0800d378   0x00000060   Code   RO         9020    i.TimerStop         timeserver.o
    0x0800d3d8   0x0800d3d8   0x00000024   Code   RO         9154    i.TraceInit         trace.o
    0x0800d3fc   0x0800d3fc   0x00000088   Code   RO         9155    i.TraceSend         trace.o
    0x0800d484   0x0800d484   0x00000048   Code   RO         9156    i.Trace_TxCpltCallback  trace.o
    0x0800d4cc   0x0800d4cc   0x000000ca   Code   RO         1607    i.UART_AdvFeatureConfig  stm32l0xx_hal_uart.o
    0x0800d596   0x0800d596   0x00000002   PAD
    0x0800d598   0x0800d598   0x00000060   Code   RO         1608    i.UART_CheckIdleState  stm32l0xx_hal_uart.o
    0x0800d5f8   0x0800d5f8   0x00000014   Code   RO         1609    i.UART_DMAAbortOnError  stm32l0xx_hal_uart.o
    0x0800d60c   0x0800d60c   0x0000004a   Code   RO         1610    i.UART_DMAError     stm32l0xx_hal_uart.o
    0x0800d656   0x0800d656   0x00000030   Code   RO         1615    i.UART_DMATransmitCplt  stm32l0xx_hal_uart.o
    0x0800d686   0x0800d686   0x0000000a   Code   RO         1617    i.UART_DMATxHalfCplt  stm32l0xx_hal_uart.o
    0x0800d690   0x0800d690   0x0000001e   Code   RO         1619    i.UART_EndRxTransfer  stm32l0xx_hal_uart.o
    0x0800d6ae   0x0800d6ae   0x00000012   Code   RO         1620    i.UART_EndTxTransfer  stm32l0xx_hal_uart.o
    0x0800d6c0   0x0800d6c0   0x0000007e   Code   RO         1621    i.UART_Receive_IT   stm32l0xx_hal_uart.o
    0x0800d73e   0x0800d73e   0x00000002   PAD
    0x0800d740   0x0800d740   0x00000230   Code   RO         1622    i.UART_SetConfig    stm32l0xx_hal_uart.o
    0x0800d970   0x0800d970   0x00000066   Code   RO         1623    i.UART_Transmit_IT  stm32l0xx_hal_uart.o
    0x0800d9d6   0x0800d9d6   0x00000062   Code   RO         1624    i.UART_WaitOnFlagUntilTimeout  stm32l0xx_hal_uart.o
    0x0800da38   0x0800da38   0x00000010   Code   RO         5032    i.USART1_IRQHandler  main.o
    0x0800da48   0x0800da48   0x00000048   Code   RO         8591    i.ValidatePayloadLength  loramac.o
    0x0800da90   0x0800da90   0x0000002c   Code   RO         9425    i.__0vsnprintf      mc_p.l(printfa.o)
    0x0800dabc   0x0800dabc   0x0000002e   Code   RO         9589    i.__ARM_clz         mf_p.l(depilogue.o)
    0x0800daea   0x0800daea   0x00000030   Code   RO         4964    i.__ARM_common_ll_muluu  hw_rtc.o
    0x0800db1a   0x0800db1a   0x0000001a   Code   RO          238    i.__ARM_common_switch8  sx1276.o
    0x0800db34   0x0800db34   0x0000002c   Code   RO         9519    i.__ARM_fpclassify  m_ps.l(fpclassify.o)
    0x0800db60   0x0800db60   0x00000022   Code   RO         9521    i.__ARM_fpclassifyf  m_ps.l(fpclassifyf.o)
    0x0800db82   0x0800db82   0x00000012   Code   RO          706    i.__ARM_isinff      filter.o
    0x0800db94   0x0800db94   0x0000000e   Code   RO          707    i.__ARM_isnanf      filter.o
    0x0800dba2   0x0800dba2   0x000000ac   Code   RO         9537    i.__kernel_poly     m_ps.l(poly.o)
    0x0800dc4e   0x0800dc4e   0x0000000a   Code   RO         9506    i.__mathlib_dbl_infnan  m_ps.l(dunder.o)
    0x0800dc58   0x0800dc58   0x00000008   Code   RO         9507    i.__mathlib_dbl_infnan2  m_ps.l(dunder.o)
    0x0800dc60   0x0800dc60   0x00000010   Code   RO         9508    i.__mathlib_dbl_invalid  m_ps.l(dunder.o)
    0x0800dc70   0x0800dc70   0x00000014   Code   RO         9511    i.__mathlib_dbl_underflow  m_ps.l(dunder.o)
    0x0800dc84   0x0800dc84   0x0000000a   Code   RO         9524    i.__mathlib_flt_infnan  m_ps.l(funder.o)
    0x0800dc8e   0x0800dc8e   0x0000000c   Code   RO         9526    i.__mathlib_flt_invalid  m_ps.l(funder.o)
    0x0800dc9a   0x0800dc9a   0x0000000e   Code   RO         9529    i.__mathlib_flt_underflow  m_ps.l(funder.o)
    0x0800dca8   0x0800dca8   0x00000180   Code   RO         9540    i.__mathlib_rredf2  m_ps.l(rredf.o)
    0x0800de28   0x0800de28   0x0000000e   Code   RO         9605    i.__scatterload_copy  mc_p.l(handlers.o)
    0x0800de36   0x0800de36   0x00000002   Code   RO         9606    i.__scatterload_null  mc_p.l(handlers.o)
    0x0800de38   0x0800de38   0x0000000e   Code   RO         9607    i.__scatterload_zeroinit  mc_p.l(handlers.o)
    0x0800de46   0x0800de46   0x00000002   PAD
    0x0800de48   0x0800de48   0x0000000c   Code   RO         9571    i.__set_errno       mc_p.l(errno.o)
    0x0800de54   0x0800de54   0x00000174   Code   RO         9427    i._fp_digits        mc_p.l(printfa.o)
    0x0800dfc8   0x0800dfc8   0x000006ec   Code   RO         9428    i._printf_core      mc_p.l(printfa.o)
    0x0800e6b4   0x0800e6b4   0x00000020   Code   RO         9429    i._printf_post_padding  mc_p.l(printfa.o)
    0x0800e6d4   0x0800e6d4   0x0000002c   Code   RO         9430    i._printf_pre_padding  mc_p.l(printfa.o)
    0x0800e700   0x0800e700   0x00000016   Code   RO         9431    i._snputc           mc_p.l(printfa.o)
    0x0800e716   0x0800e716   0x00000054   Code   RO         9250    i.aes_encrypt       aes.o
    0x0800e76a   0x0800e76a   0x00000002   PAD
    0x0800e76c   0x0800e76c   0x000000fc   Code   RO         9251    i.aes_set_key       aes.o
    0x0800e868   0x0800e868   0x00000274   Code   RO         9339    i.asin              m_ps.l(asin.o)
    0x0800eadc   0x0800eadc   0x00000014   Code   RO         5530    i.at_ACE_get        at.o
    0x0800eaf0   0x0800eaf0   0x00000024   Code   RO         5531    i.at_ACE_set        at.o
    0x0800eb14   0x0800eb14   0x00000022   Code   RO         5532    i.at_ADR_get        at.o
    0x0800eb36   0x0800eb36   0x00000034   Code   RO         5533    i.at_ADR_set        at.o
    0x0800eb6a   0x0800eb6a   0x0000000e   Code   RO         5534    i.at_AppEUI_get     at.o
    0x0800eb78   0x0800eb78   0x00000068   Code   RO         5535    i.at_AppEUI_set     at.o
    0x0800ebe0   0x0800ebe0   0x0000000e   Code   RO         5536    i.at_AppKey_get     at.o
    0x0800ebee   0x0800ebee   0x00000020   Code   RO         5537    i.at_AppKey_set     at.o
    0x0800ec0e   0x0800ec0e   0x0000000e   Code   RO         5538    i.at_AppSKey_get    at.o
    0x0800ec1c   0x0800ec1c   0x00000020   Code   RO         5539    i.at_AppSKey_set    at.o
    0x0800ec3c   0x0800ec3c   0x000000bc   Code   RO         5540    i.at_CHE_get        at.o
    0x0800ecf8   0x0800ecf8   0x00000034   Code   RO         5541    i.at_CHE_set        at.o
    0x0800ed2c   0x0800ed2c   0x0000000e   Code   RO         5542    i.at_CHS_get        at.o
    0x0800ed3a   0x0800ed3a   0x00000002   PAD
    0x0800ed3c   0x0800ed3c   0x0000003c   Code   RO         5543    i.at_CHS_set        at.o
    0x0800ed78   0x0800ed78   0x00000024   Code   RO         5544    i.at_DataRate_get   at.o
    0x0800ed9c   0x0800ed9c   0x0000002c   Code   RO         5545    i.at_DataRate_set   at.o
    0x0800edc8   0x0800edc8   0x0000000a   Code   RO         5546    i.at_DevAddr_get    at.o
    0x0800edd2   0x0800edd2   0x0000001e   Code   RO         5547    i.at_DevAddr_set    at.o
    0x0800edf0   0x0800edf0   0x0000000e   Code   RO         5548    i.at_DevEUI_get     at.o
    0x0800edfe   0x0800edfe   0x00000002   PAD
    0x0800ee00   0x0800ee00   0x00000068   Code   RO         5549    i.at_DevEUI_set     at.o
    0x0800ee68   0x0800ee68   0x00000030   Code   RO         5550    i.at_DeviceClass_get  at.o
    0x0800ee98   0x0800ee98   0x00000034   Code   RO         5551    i.at_DeviceClass_set  at.o
    0x0800eecc   0x0800eecc   0x00000020   Code   RO         5552    i.at_DownlinkCounter_get  at.o
    0x0800eeec   0x0800eeec   0x00000034   Code   RO         5553    i.at_DownlinkCounter_set  at.o
    0x0800ef20   0x0800ef20   0x0000002c   Code   RO         5554    i.at_DutyCycle_get  at.o
    0x0800ef4c   0x0800ef4c   0x00000022   Code   RO         5555    i.at_DutyCycle_set  at.o
    0x0800ef6e   0x0800ef6e   0x00000002   PAD
    0x0800ef70   0x0800ef70   0x00000028   Code   RO         5556    i.at_FDR            at.o
    0x0800ef98   0x0800ef98   0x0000000a   Code   RO         5557    i.at_Join           at.o
    0x0800efa2   0x0800efa2   0x00000020   Code   RO         5558    i.at_JoinAcceptDelay1_get  at.o
    0x0800efc2   0x0800efc2   0x00000002   PAD
    0x0800efc4   0x0800efc4   0x00000034   Code   RO         5559    i.at_JoinAcceptDelay1_set  at.o
    0x0800eff8   0x0800eff8   0x00000020   Code   RO         5560    i.at_JoinAcceptDelay2_get  at.o
    0x0800f018   0x0800f018   0x00000034   Code   RO         5561    i.at_JoinAcceptDelay2_set  at.o
    0x0800f04c   0x0800f04c   0x00000054   Code   RO         5562    i.at_NetworkID_get  at.o
    0x0800f0a0   0x0800f0a0   0x0000002c   Code   RO         5563    i.at_NetworkID_set  at.o
    0x0800f0cc   0x0800f0cc   0x00000014   Code   RO         5564    i.at_NetworkJoinMode_get  at.o
    0x0800f0e0   0x0800f0e0   0x00000022   Code   RO         5565    i.at_NetworkJoinMode_set  at.o
    0x0800f102   0x0800f102   0x0000002c   Code   RO         5566    i.at_NetworkJoinStatus  at.o
    0x0800f12e   0x0800f12e   0x0000000e   Code   RO         5567    i.at_NwkSKey_get    at.o
    0x0800f13c   0x0800f13c   0x00000020   Code   RO         5568    i.at_NwkSKey_set    at.o
    0x0800f15c   0x0800f15c   0x00000022   Code   RO         5569    i.at_PublicNetwork_get  at.o
    0x0800f17e   0x0800f17e   0x00000034   Code   RO         5570    i.at_PublicNetwork_set  at.o
    0x0800f1b2   0x0800f1b2   0x00000002   PAD
    0x0800f1b4   0x0800f1b4   0x00000044   Code   RO         5571    i.at_Receive        at.o
    0x0800f1f8   0x0800f1f8   0x00000050   Code   RO         5572    i.at_ReceiveBinary  at.o
    0x0800f248   0x0800f248   0x00000020   Code   RO         5573    i.at_Rx1Delay_get   at.o
    0x0800f268   0x0800f268   0x00000034   Code   RO         5574    i.at_Rx1Delay_set   at.o
    0x0800f29c   0x0800f29c   0x00000022   Code   RO         5575    i.at_Rx2DataRate_get  at.o
    0x0800f2be   0x0800f2be   0x00000002   PAD
    0x0800f2c0   0x0800f2c0   0x00000048   Code   RO         5576    i.at_Rx2DataRate_set  at.o
    0x0800f308   0x0800f308   0x00000020   Code   RO         5577    i.at_Rx2Delay_get   at.o
    0x0800f328   0x0800f328   0x00000034   Code   RO         5578    i.at_Rx2Delay_set   at.o
    0x0800f35c   0x0800f35c   0x00000020   Code   RO         5579    i.at_Rx2Frequency_get  at.o
    0x0800f37c   0x0800f37c   0x00000044   Code   RO         5580    i.at_Rx2Frequency_set  at.o
    0x0800f3c0   0x0800f3c0   0x00000014   Code   RO         5581    i.at_STD            at.o
    0x0800f3d4   0x0800f3d4   0x00000098   Code   RO         5582    i.at_Send           at.o
    0x0800f46c   0x0800f46c   0x000000cc   Code   RO         5583    i.at_SendBinary     at.o
    0x0800f538   0x0800f538   0x00000014   Code   RO         5584    i.at_TDC_get        at.o
    0x0800f54c   0x0800f54c   0x00000024   Code   RO         5585    i.at_TDC_set        at.o
    0x0800f570   0x0800f570   0x00000024   Code   RO         5586    i.at_TransmitPower_get  at.o
    0x0800f594   0x0800f594   0x00000038   Code   RO         5587    i.at_TransmitPower_set  at.o
    0x0800f5cc   0x0800f5cc   0x00000020   Code   RO         5588    i.at_UplinkCounter_get  at.o
    0x0800f5ec   0x0800f5ec   0x00000034   Code   RO         5589    i.at_UplinkCounter_set  at.o
    0x0800f620   0x0800f620   0x00000014   Code   RO         5590    i.at_ack_get        at.o
    0x0800f634   0x0800f634   0x00000022   Code   RO         5591    i.at_ack_set        at.o
    0x0800f656   0x0800f656   0x0000000e   Code   RO         5592    i.at_application_port_get  at.o
    0x0800f664   0x0800f664   0x0000002c   Code   RO         5593    i.at_application_port_set  at.o
    0x0800f690   0x0800f690   0x00000014   Code   RO         5594    i.at_gpst_get       at.o
    0x0800f6a4   0x0800f6a4   0x00000024   Code   RO         5595    i.at_gpst_set       at.o
    0x0800f6c8   0x0800f6c8   0x00000014   Code   RO         5596    i.at_isack_get      at.o
    0x0800f6dc   0x0800f6dc   0x00000004   Code   RO         5597    i.at_reset          at.o
    0x0800f6e0   0x0800f6e0   0x00000004   Code   RO         5598    i.at_return_error   at.o
    0x0800f6e4   0x0800f6e4   0x0000000e   Code   RO         5600    i.at_rssi_get       at.o
    0x0800f6f2   0x0800f6f2   0x00000002   PAD
    0x0800f6f4   0x0800f6f4   0x00000014   Code   RO         5601    i.at_sgm_get        at.o
    0x0800f708   0x0800f708   0x0000003c   Code   RO         5602    i.at_sgm_set        at.o
    0x0800f744   0x0800f744   0x0000000e   Code   RO         5603    i.at_snr_get        at.o
    0x0800f752   0x0800f752   0x00000002   PAD
    0x0800f754   0x0800f754   0x00000014   Code   RO         5604    i.at_symbtimeout1LSB_get  at.o
    0x0800f768   0x0800f768   0x0000002c   Code   RO         5605    i.at_symbtimeout1LSB_set  at.o
    0x0800f794   0x0800f794   0x00000014   Code   RO         5606    i.at_symbtimeout2LSB_get  at.o
    0x0800f7a8   0x0800f7a8   0x0000002c   Code   RO         5607    i.at_symbtimeout2LSB_set  at.o
    0x0800f7d4   0x0800f7d4   0x0000001c   Code   RO         5608    i.at_version_get    at.o
    0x0800f7f0   0x0800f7f0   0x0000021c   Code   RO         9496    i.atan              m_ps.l(atan.o)
    0x0800fa0c   0x0800fa0c   0x00000178   Code   RO         9349    i.atan2             m_ps.l(atan2.o)
    0x0800fb84   0x0800fb84   0x000000c8   Code   RO         9357    i.ceil              m_ps.l(ceil.o)
    0x0800fc4c   0x0800fc4c   0x00000010   Code   RO         8856    i.certif_DownLinkIncrement  lora-test.o
    0x0800fc5c   0x0800fc5c   0x00000014   Code   RO         8857    i.certif_linkCheck  lora-test.o
    0x0800fc70   0x0800fc70   0x0000000c   Code   RO         8858    i.certif_running    lora-test.o
    0x0800fc7c   0x0800fc7c   0x00000188   Code   RO         8859    i.certif_rx         lora-test.o
    0x0800fe04   0x0800fe04   0x000000a4   Code   RO         8860    i.certif_tx         lora-test.o
    0x0800fea8   0x0800fea8   0x0000003c   Code   RO          484    i.check             gps.o
    0x0800fee4   0x0800fee4   0x0000001c   Code   RO         6084    i.com_error         command.o
    0x0800ff00   0x0800ff00   0x00000084   Code   RO         9252    i.copy_and_key      aes.o
    0x0800ff84   0x0800ff84   0x00000042   Code   RO         9253    i.copy_block        aes.o
    0x0800ffc6   0x0800ffc6   0x00000002   PAD
    0x0800ffc8   0x0800ffc8   0x00000178   Code   RO         9361    i.cosf              m_ps.l(cosf.o)
    0x08010140   0x08010140   0x0000000c   Code   RO         6153    i.customize_freq1_get  lora.o
    0x0801014c   0x0801014c   0x0000000c   Code   RO         6154    i.customize_freq1_set  lora.o
    0x08010158   0x08010158   0x0000000c   Code   RO         6155    i.customize_set8channel_get  lora.o
    0x08010164   0x08010164   0x0000000c   Code   RO         6156    i.customize_set8channel_set  lora.o
    0x08010170   0x08010170   0x000000c8   Code   RO         9369    i.floor             m_ps.l(floor.o)
    0x08010238   0x08010238   0x0000000c   Code   RO         6157    i.gps_state_no      lora.o
    0x08010244   0x08010244   0x0000000c   Code   RO         6158    i.gps_state_off     lora.o
    0x08010250   0x08010250   0x0000000c   Code   RO         6159    i.gps_state_on      lora.o
    0x0801025c   0x0801025c   0x00000034   Code   RO         5033    i.invSqrt           main.o
    0x08010290   0x08010290   0x00000064   Code   RO         6160    i.key_printf        lora.o
    0x080102f4   0x080102f4   0x00000008   Code   RO         6161    i.lora_config_appeui_get  lora.o
    0x080102fc   0x080102fc   0x00000014   Code   RO         6162    i.lora_config_appeui_set  lora.o
    0x08010310   0x08010310   0x00000008   Code   RO         6163    i.lora_config_appkey_get  lora.o
    0x08010318   0x08010318   0x00000014   Code   RO         6164    i.lora_config_appkey_set  lora.o
    0x0801032c   0x0801032c   0x0000000c   Code   RO         6165    i.lora_config_application_port_get  lora.o
    0x08010338   0x08010338   0x0000000c   Code   RO         6166    i.lora_config_application_port_set  lora.o
    0x08010344   0x08010344   0x00000008   Code   RO         6167    i.lora_config_appskey_get  lora.o
    0x0801034c   0x0801034c   0x00000014   Code   RO         6168    i.lora_config_appskey_set  lora.o
    0x08010360   0x08010360   0x0000001c   Code   RO         6169    i.lora_config_devaddr_get  lora.o
    0x0801037c   0x0801037c   0x0000000c   Code   RO         6170    i.lora_config_devaddr_set  lora.o
    0x08010388   0x08010388   0x00000008   Code   RO         6171    i.lora_config_deveui_get  lora.o
    0x08010390   0x08010390   0x00000014   Code   RO         6172    i.lora_config_deveui_set  lora.o
    0x080103a4   0x080103a4   0x0000000c   Code   RO         6173    i.lora_config_duty_cycle_get  lora.o
    0x080103b0   0x080103b0   0x00000018   Code   RO         6174    i.lora_config_duty_cycle_set  lora.o
    0x080103c8   0x080103c8   0x00000018   Code   RO         6175    i.lora_config_isack_get  lora.o
    0x080103e0   0x080103e0   0x00000008   Code   RO         6176    i.lora_config_nwkskey_get  lora.o
    0x080103e8   0x080103e8   0x00000014   Code   RO         6177    i.lora_config_nwkskey_set  lora.o
    0x080103fc   0x080103fc   0x0000000c   Code   RO         6178    i.lora_config_otaa_get  lora.o
    0x08010408   0x08010408   0x0000000c   Code   RO         6179    i.lora_config_otaa_set  lora.o
    0x08010414   0x08010414   0x0000000c   Code   RO         6180    i.lora_config_reqack_get  lora.o
    0x08010420   0x08010420   0x0000000c   Code   RO         6181    i.lora_config_reqack_set  lora.o
    0x0801042c   0x0801042c   0x0000000c   Code   RO         6182    i.lora_config_rssi_get  lora.o
    0x08010438   0x08010438   0x0000000c   Code   RO         6183    i.lora_config_snr_get  lora.o
    0x08010444   0x08010444   0x0000000c   Code   RO         6185    i.lora_config_tx_datarate_set  lora.o
    0x08010450   0x08010450   0x0000000c   Code   RO         6186    i.lora_getGPSState  lora.o
    0x0801045c   0x0801045c   0x0000000c   Code   RO         6187    i.lora_getState     lora.o
    0x08010468   0x08010468   0x00000578   Code   RO         5034    i.lora_send         main.o
    0x080109e0   0x080109e0   0x0000000c   Code   RO         6189    i.lora_state_GPS_Send  lora.o
    0x080109ec   0x080109ec   0x00000054   Code   RO         6190    i.lora_state_INT    lora.o
    0x08010a40   0x08010a40   0x0000000c   Code   RO         6191    i.lora_state_Led    lora.o
    0x08010a4c   0x08010a4c   0x0000030c   Code   RO         5035    i.main              main.o
    0x08010d58   0x08010d58   0x00000016   Code   RO         9096    i.memcpy1           utilities.o
    0x08010d6e   0x08010d6e   0x0000001a   Code   RO         9097    i.memcpyr           utilities.o
    0x08010d88   0x08010d88   0x00000012   Code   RO         9098    i.memset1           utilities.o
    0x08010d9a   0x08010d9a   0x00000002   PAD
    0x08010d9c   0x08010d9c   0x00000218   Code   RO         9254    i.mix_sub_columns   aes.o
    0x08010fb4   0x08010fb4   0x0000000a   Code   RO          486    i.my_atof           gps.o
    0x08010fbe   0x08010fbe   0x00000048   Code   RO          487    i.my_atoi           gps.o
    0x08011006   0x08011006   0x00000002   PAD
    0x08011008   0x08011008   0x0000011c   Code   RO          488    i.my_strtod         gps.o
    0x08011124   0x08011124   0x00000010   Code   RO         8592    i.onNetworkJointimesout  loramac.o
    0x08011134   0x08011134   0x00000118   Code   RO         6085    i.parse_cmd         command.o
    0x0801124c   0x0801124c   0x0000002a   Code   RO         4710    i.powerLED          bsp.o
    0x08011276   0x08011276   0x00000002   PAD
    0x08011278   0x08011278   0x0000004c   Code   RO         5609    i.print_16_02x      at.o
    0x080112c4   0x080112c4   0x00000058   Code   RO         5610    i.print_8_02x       at.o
    0x0801131c   0x0801131c   0x0000001c   Code   RO         5611    i.print_d           at.o
    0x08011338   0x08011338   0x0000001c   Code   RO         5612    i.print_u           at.o
    0x08011354   0x08011354   0x0000002c   Code   RO         9099    i.rand1             utilities.o
    0x08011380   0x08011380   0x00000016   Code   RO         9100    i.randr             utilities.o
    0x08011396   0x08011396   0x0000007e   Code   RO         6194    i.read_data         lora.o
    0x08011414   0x08011414   0x00000014   Code   RO         6195    i.region_printf     lora.o
    0x08011428   0x08011428   0x0000009c   Code   RO         9372    i.round             m_ps.l(round.o)
    0x080114c4   0x080114c4   0x00000018   Code   RO         5613    i.s_tdc             at.o
    0x080114dc   0x080114dc   0x000000ac   Code   RO         5036    i.send_ALARM_data   main.o
    0x08011588   0x08011588   0x000000b8   Code   RO         5037    i.send_data         main.o
    0x08011640   0x08011640   0x00000024   Code   RO         5614    i.set_at_receive    at.o
    0x08011664   0x08011664   0x00000068   Code   RO         9255    i.shift_sub_rows    aes.o
    0x080116cc   0x080116cc   0x00000036   Code   RO          490    i.split             gps.o
    0x08011702   0x08011702   0x00000002   PAD
    0x08011704   0x08011704   0x00000048   Code   RO         9375    i.sqrt              m_ps.l(sqrt.o)
    0x0801174c   0x0801174c   0x0000000c   Code   RO         9101    i.srand1            utilities.o
    0x08011758   0x08011758   0x0000004c   Code   RO         5615    i.sscanf_16_hhx     at.o
    0x080117a4   0x080117a4   0x00000028   Code   RO         5616    i.sscanf_uint32_as_hhx  at.o
    0x080117cc   0x080117cc   0x000000c8   Code   RO         6196    i.store_data        lora.o
    0x08011894   0x08011894   0x00000170   Code   RO         9383    i.tanf              m_ps.l(tanf.o)
    0x08011a04   0x08011a04   0x00000014   Code   RO         6507    i.tiny_sscanf       tiny_sscanf.o
    0x08011a18   0x08011a18   0x00000254   Code   RO         6508    i.tiny_vfscanf      tiny_sscanf.o
    0x08011c6c   0x08011c6c   0x00000020   Code   RO         5617    i.translate_status  at.o
    0x08011c8c   0x08011c8c   0x0000003a   Code   RO          629    i.usart1_IRQHandler  bsp_usart2.o
    0x08011cc6   0x08011cc6   0x00000002   PAD
    0x08011cc8   0x08011cc8   0x00000048   Code   RO          630    i.usart1_Init       bsp_usart2.o
    0x08011d10   0x08011d10   0x00000054   Code   RO          632    i.usart1_IoInit     bsp_usart2.o
    0x08011d64   0x08011d64   0x00000010   Code   RO         5443    i.vcom_DMA_TX_IRQHandler  vcom.o
    0x08011d74   0x08011d74   0x00000010   Code   RO         5445    i.vcom_IRQHandler   vcom.o
    0x08011d84   0x08011d84   0x0000003c   Code   RO         5446    i.vcom_Init         vcom.o
    0x08011dc0   0x08011dc0   0x00000060   Code   RO         5448    i.vcom_IoInit       vcom.o
    0x08011e20   0x08011e20   0x0000002c   Code   RO         5449    i.vcom_ReceiveInit  vcom.o
    0x08011e4c   0x08011e4c   0x00000014   Code   RO         5450    i.vcom_Trace        vcom.o
    0x08011e60   0x08011e60   0x00000082   Code   RO         9256    i.xor_block         aes.o
    0x08011ee2   0x08011ee2   0x00000002   PAD
    0x08011ee4   0x08011ee4   0x000000e0   Data   RO           42    .constdata          sx1276.o
    0x08011fc4   0x08011fc4   0x00000068   Data   RO         1221    .constdata          sx1276mb1las.o
    0x0801202c   0x0801202c   0x00000019   Data   RO         1301    .constdata          system_stm32l0xx.o
    0x08012045   0x08012045   0x00000008   Data   RO         1302    .constdata          system_stm32l0xx.o
    0x0801204d   0x0801204d   0x00000018   Data   RO         4874    .constdata          hw_rtc.o
    0x08012065   0x08012065   0x00000003   PAD
    0x08012068   0x08012068   0x00000470   Data   RO         6087    .constdata          command.o
    0x080124d8   0x080124d8   0x00000084   Data   RO         8229    .constdata          regionus915.o
    0x0801255c   0x0801255c   0x00000010   Data   RO         8594    .constdata          loramac.o
    0x0801256c   0x0801256c   0x00000300   Data   RO         9257    .constdata          aes.o
    0x0801286c   0x0801286c   0x00000004   PAD
    0x08012870   0x08012870   0x00000050   Data   RO         9340    .constdata          m_ps.l(asin.o)
    0x080128c0   0x080128c0   0x00000098   Data   RO         9497    .constdata          m_ps.l(atan.o)
    0x08012958   0x08012958   0x00000008   Data   RO         9539    .constdata          m_ps.l(qnan.o)
    0x08012960   0x08012960   0x00000020   Data   RO         9541    .constdata          m_ps.l(rredf.o)
    0x08012980   0x08012980   0x00000040   Data   RO         9567    .constdata          mc_p.l(ctype_c.o)
    0x080129c0   0x080129c0   0x000000a4   Data   RO         5620    .conststring        at.o
    0x08012a64   0x08012a64   0x00000d9e   Data   RO         6088    .conststring        command.o
    0x08013802   0x08013802   0x00000002   PAD
    0x08013804   0x08013804   0x00000020   Data   RO         9603    Region$$Table       anon$$obj.o


    Execution Region RW_IRAM1 (Exec base: 0x20000000, Load base: 0x08013824, Size: 0x00004448, Max: 0x00005000, ABSOLUTE, COMPRESSED[0x000000f8])

    Exec Addr    Load Addr    Size         Type   Attr      Idx    E Section Name        Object

    0x20000000   COMPRESSED   0x00000020   Data   RW           43    .data               sx1276.o
    0x20000020   COMPRESSED   0x00000008   Data   RW          431    .data               flash_eraseprogram.o
    0x20000028   COMPRESSED   0x00000020   Data   RW          492    .data               gps.o
    0x20000048   COMPRESSED   0x000000c0   Data   RW          708    .data               filter.o
    0x20000108   COMPRESSED   0x00000050   Data   RW          902    .data               mpu9250.o
    0x20000158   COMPRESSED   0x0000001c   Data   RW         1222    .data               sx1276mb1las.o
    0x20000174   COMPRESSED   0x00000004   Data   RW         1303    .data               system_stm32l0xx.o
    0x20000178   COMPRESSED   0x00000004   Data   RW         2341    .data               stm32l0xx_hal.o
    0x2000017c   COMPRESSED   0x00000006   Data   RW         4711    .data               bsp.o
    0x20000182   COMPRESSED   0x00000004   Data   RW         4875    .data               hw_rtc.o
    0x20000186   COMPRESSED   0x00000002   PAD
    0x20000188   COMPRESSED   0x000001cc   Data   RW         5040    .data               main.o
    0x20000354   COMPRESSED   0x00000004   Data   RW         5041    .data               main.o
    0x20000358   COMPRESSED   0x00000002   Data   RW         5045    .data               main.o
    0x2000035a   COMPRESSED   0x00000002   Data   RW         5241    .data               stm32l0xx_hw.o
    0x2000035c   COMPRESSED   0x0000000c   Data   RW         5452    .data               vcom.o
    0x20000368   COMPRESSED   0x00000028   Data   RW         5621    .data               at.o
    0x20000390   COMPRESSED   0x00000008   Data   RW         6089    .data               command.o
    0x20000398   COMPRESSED   0x00000078   Data   RW         6198    .data               lora.o
    0x20000410   COMPRESSED   0x00000010   Data   RW         8230    .data               regionus915.o
    0x20000420   COMPRESSED   0x0000006c   Data   RW         8595    .data               loramac.o
    0x2000048c   COMPRESSED   0x00000020   Data   RW         8803    .data               loramaccrypto.o
    0x200004ac   COMPRESSED   0x00000002   Data   RW         8862    .data               lora-test.o
    0x200004ae   COMPRESSED   0x00000002   PAD
    0x200004b0   COMPRESSED   0x00000008   Data   RW         8945    .data               low_power_manager.o
    0x200004b8   COMPRESSED   0x00000004   Data   RW         9021    .data               timeserver.o
    0x200004bc   COMPRESSED   0x00000004   Data   RW         9102    .data               utilities.o
    0x200004c0   COMPRESSED   0x00000001   Data   RW         9158    .data               trace.o
    0x200004c1   COMPRESSED   0x00000003   PAD
    0x200004c4   COMPRESSED   0x00000004   Data   RW         9572    .data               mc_p.l(errno.o)
    0x200004c8        -       0x000001a4   Zero   RW           41    .bss                sx1276.o
    0x2000066c        -       0x0000000c   Zero   RW          430    .bss                flash_eraseprogram.o
    0x20000678        -       0x000008d8   Zero   RW          491    .bss                gps.o
    0x20000f50        -       0x00000070   Zero   RW          634    .bss                bsp_usart2.o
    0x20000fc0        -       0x0000003c   Zero   RW          810    .bss                iic.o
    0x20000ffc        -       0x00000018   Zero   RW         4616    .bss                stm32l0xx_hal_flash.o
    0x20001014        -       0x00000040   Zero   RW         4811    .bss                hw_gpio.o
    0x20001054        -       0x00000068   Zero   RW         4873    .bss                hw_rtc.o
    0x200010bc        -       0x00000058   Zero   RW         4980    .bss                hw_spi.o
    0x20001114        -       0x00000040   Zero   RW         5038    .bss                main.o
    0x20001154        -       0x00001f5c   Zero   RW         5039    .bss                main.o
    0x200030b0        -       0x00000060   Zero   RW         5240    .bss                stm32l0xx_hw.o
    0x20003110        -       0x000000b0   Zero   RW         5451    .bss                vcom.o
    0x200031c0        -       0x00000040   Zero   RW         5618    .bss                at.o
    0x20003200        -       0x000000ff   Zero   RW         5619    .bss                at.o
    0x200032ff        -       0x00000080   Zero   RW         6086    .bss                command.o
    0x2000337f   COMPRESSED   0x00000001   PAD
    0x20003380        -       0x00000128   Zero   RW         6197    .bss                lora.o
    0x200034a8        -       0x00000384   Zero   RW         8228    .bss                regionus915.o
    0x2000382c        -       0x00000470   Zero   RW         8593    .bss                loramac.o
    0x20003c9c        -       0x0000022c   Zero   RW         8802    .bss                loramaccrypto.o
    0x20003ec8        -       0x0000005e   Zero   RW         8861    .bss                lora-test.o
    0x20003f26   COMPRESSED   0x00000002   PAD
    0x20003f28        -       0x00000120   Zero   RW         9157    .bss                trace.o
    0x20004048        -       0x00000400   Zero   RW         4695    STACK               startup_stm32l072xx.o


==============================================================================

Image component sizes


      Code (inc. data)   RO Data    RW Data    ZI Data      Debug   Object Name

      1304         12        768          0          0      14884   aes.o
      3788        644        164         40        319      59898   at.o
       378         28          0          6          0      14813   bsp.o
       214         20          0          0        112       3388   bsp_usart2.o
       554          0          0          0          0       4729   cmac.o
       440         58       4622          8        128       4338   command.o
        98          4          0          0          0       1523   debug.o
         8          0          0          0          0       1226   delay.o
        72         14          0          0          0       1085   exti_wakeup.o
      1952        132          0        192          0      16779   filter.o
       248        102          0          8         12       4286   flash_eraseprogram.o
      2400        214          0         32       2264      16396   gps.o
       234         26          0          0         64       4205   hw_gpio.o
       938         98         24          4        104      12689   hw_rtc.o
       372         24          0          0         88       3463   hw_spi.o
       736         26          0          0         60       8522   iic.o
       612         52          0          2         94       7655   lora-test.o
      3112        606          0        120        296      34008   lora.o
      7668        574         16        108       1136      49084   loramac.o
       604         42          0         32        556       8287   loramaccrypto.o
       178         22          0          8          0       5778   low_power_manager.o
      9608       1264          0        466       8092      29560   main.o
      1562         38          0         80          0      13695   mpu9250.o
       918          8          0          0          0       6270   queue.o
       426          0          0          0          0      30513   region.o
         0          0          0          0          0       1256   regionau915.o
      1014         18          0          0          0      15015   regioncommon.o
      2472        294        132         16        900      25692   regionus915.o
        28          8        192          0       1024        696   startup_stm32l072xx.o
       108         30          0          4          0       5092   stm32l0xx_hal.o
      1026         36          0          0          0       7652   stm32l0xx_hal_adc.o
       170          0          0          0          0       1726   stm32l0xx_hal_adc_ex.o
        96         14          0          0          0      10420   stm32l0xx_hal_cortex.o
      1164         20          0          0          0       5294   stm32l0xx_hal_dma.o
       396         54          0          0         24       4418   stm32l0xx_hal_flash.o
       164         24          0          0          0       3173   stm32l0xx_hal_flash_ex.o
       434         38          0          0          0       4246   stm32l0xx_hal_gpio.o
       254         22          0          0          0       4916   stm32l0xx_hal_msp.o
       116         22          0          0          0       2154   stm32l0xx_hal_pwr.o
        32          8          0          0          0       1305   stm32l0xx_hal_pwr_ex.o
      1772        114          0          0          0       7544   stm32l0xx_hal_rcc.o
       844         56          0          0          0       3721   stm32l0xx_hal_rcc_ex.o
      1514         26          0          0          0      10912   stm32l0xx_hal_rtc.o
        60          0          0          0          0       1379   stm32l0xx_hal_rtc_ex.o
      1008          0          0          0          0       4855   stm32l0xx_hal_spi.o
      2132        106          0          0          0      16264   stm32l0xx_hal_uart.o
       196          4          0          0          0       3180   stm32l0xx_hal_uart_ex.o
       864        128          0          2         96      10584   stm32l0xx_hw.o
       190         10          0          0          0       6018   stm32l0xx_it.o
      5390        356        224         32        420     459244   sx1276.o
       534         60        104         28          0      13489   sx1276mb1las.o
        84         18         33          4          0       1839   system_stm32l0xx.o
       484         18          0          4          0       8767   timeserver.o
       616         22          0          0          0       4606   tiny_sscanf.o
       244         28          0          1        288       4747   trace.o
       144         24          0          4          0       5163   utilities.o
       488         66          0         12        176       6513   vcom.o

    ----------------------------------------------------------------------
     62552       5632       6320       1220      16256    1018954   Object Totals
         0          0         32          0          0          0   (incl. Generated)
        90          0          9          7          3          0   (incl. Padding)

    ----------------------------------------------------------------------

      Code (inc. data)   RO Data    RW Data    ZI Data      Debug   Library Member Name

       628         54         80          0          0        104   asin.o
       540         68        152          0          0        112   atan.o
       376         42          0          0          0        144   atan2.o
       200         20          0          0          0         76   ceil.o
       376         58          0          0          0        104   cosf.o
        54          6          0          0          0        272   dunder.o
       200         20          0          0          0         76   floor.o
        44          4          0          0          0         60   fpclassify.o
        34          0          0          0          0         60   fpclassifyf.o
        36          0          0          0          0        204   funder.o
       172          0          0          0          0         76   poly.o
         0          0          8          0          0          0   qnan.o
       156         14          0          0          0         84   round.o
       384         18         32          0          0         88   rredf.o
        72          6          0          0          0         76   sqrt.o
       368         56          0          0          0        100   tanf.o
        60         10          0          0          0         84   __0sscanf.o
        86          0          0          0          0          0   __dczerorl2.o
        30          0          0          0          0         60   _chval.o
       824         12          0          0          0         84   _scanf.o
       330          0          0          0          0         84   _scanf_int.o
        68          0          0          0          0         76   _sgetc.o
        36          4         64          0          0         60   ctype_c.o
         0          0          0          0          0          0   entry.o
         0          0          0          0          0          0   entry10a.o
         0          0          0          0          0          0   entry11a.o
         8          4          0          0          0          0   entry2.o
         4          0          0          0          0          0   entry5.o
         0          0          0          0          0          0   entry7b.o
         0          0          0          0          0          0   entry8b.o
         8          4          0          0          0          0   entry9a.o
        12          6          0          4          0         60   errno.o
        30          0          0          0          0          0   handlers.o
        40          0          0          0          0         72   idiv.o
        36          8          0          0          0         68   init.o
        14          0          0          0          0         68   isspace_c.o
         0          0          0          0          0          0   iusefp.o
       122          0          0          0          0         84   llmul.o
        32          0          0          0          0         68   llshl.o
        38          0          0          0          0         68   llsshr.o
        34          0          0          0          0         68   llushr.o
        36          0          0          0          0         60   memcpya.o
        36          0          0          0          0        100   memseta.o
      2286         94          0          0          0        460   printfa.o
        44          8          0          0          0         84   scanf_char.o
        28          0          0          0          0         68   strcmp.o
        14          0          0          0          0         60   strlen.o
        30          0          0          0          0         72   strncmp.o
        26          0          0          0          0         68   strncpy.o
        44          0          0          0          0         72   uidiv.o
        96          0          0          0          0         84   uldiv.o
        20          0          0          0          0         60   uread4.o
        40          2          0          0          0         68   cdcmple.o
        40          2          0          0          0         68   cdrcmple.o
        56          0          0          0          0         68   d2f.o
       356          4          0          0          0        140   dadd.o
       240          6          0          0          0         84   ddiv.o
       236          0          0          0          0        216   depilogue.o
        72         10          0          0          0         72   dfixi.o
        60         10          0          0          0         68   dfixui.o
        64         10          0          0          0         68   dfixul.o
        40          6          0          0          0         68   dflti.o
        28          4          0          0          0         68   dfltui.o
       208          6          0          0          0         88   dmul.o
       124         10          0          0          0         76   drnd.o
        44          0          0          0          0         72   dscalb.o
       162          0          0          0          0         80   dsqrt.o
        40          0          0          0          0         60   f2d.o
       178          0          0          0          0        108   fadd.o
       124          0          0          0          0         72   fdiv.o
       130          0          0          0          0        144   fepilogue.o
        50          0          0          0          0         60   ffixi.o
        40          0          0          0          0         60   ffixui.o
        22          0          0          0          0         68   fflti.o
        14          0          0          0          0         68   ffltui.o
       122          0          0          0          0         72   fmul.o
        62          0          0          0          0         68   frnd.o
        24          0          0          0          0         60   fscalb.o

    ----------------------------------------------------------------------
     10700        586        336          4          0       5972   Library Totals
        12          0          0          0          0          0   (incl. Padding)

    ----------------------------------------------------------------------

      Code (inc. data)   RO Data    RW Data    ZI Data      Debug   Library Name

      3640        366        272          0          0       1636   m_ps.l
      4472        150         64          4          0       2192   mc_p.l
      2576         70          0          0          0       2144   mf_p.l

    ----------------------------------------------------------------------
     10700        586        336          4          0       5972   Library Totals

    ----------------------------------------------------------------------

==============================================================================


      Code (inc. data)   RO Data    RW Data    ZI Data      Debug   

     73252       6218       6656       1224      16256     996930   Grand Totals
     73252       6218       6656        248      16256     996930   ELF Image Totals (compressed)
     73252       6218       6656        248          0          0   ROM Totals

==============================================================================

    Total RO  Size (Code + RO Data)                79908 (  78.04kB)
    Total RW  Size (RW Data + ZI Data)             17480 (  17.07kB)
    Total ROM Size (Code + RO Data + RW Data)      80156 (  78.28kB)

==============================================================================

