<html>
<body>
<pre>
<h1>礦ision Build Log</h1>
<h2>Tool Versions:</h2>
IDE-Version: 礦ision V5.31.0.0
Copyright (C) 2020 ARM Ltd and ARM Germany GmbH. All rights reserved.
License Information: Adam Stewart, ISSACS, LIC=T2B1Q-NADF9-DB7W6-R5UG7-47UGM-XJR90
 
Tool Versions:
Toolchain:       MDK-ARM Cortex-M0/M0+ for ST  Version: 5.31.0.0
Toolchain Path:  C:\Keil_v5\ARM\ARMCC\Bin
C Compiler:      Armcc.exe V5.06 update 6 (build 750)
Assembler:       Armasm.exe V5.06 update 6 (build 750)
Linker/Locator:  ArmLink.exe V5.06 update 6 (build 750)
Library Manager: ArmAr.exe V5.06 update 6 (build 750)
Hex Converter:   FromElf.exe V5.06 update 6 (build 750)
CPU DLL:         SARMCM3.DLL V5.31.0.0
Dialog DLL:      DARMCM1.DLL V1.19.3.0
Target DLL:      STLink\ST-LINKIII-KEIL_SWO.dll V3.0.7.0
Dialog DLL:      TARMCM1.DLL V1.14.2.0
 
<h2>Project:</h2>
C:\Users\adamj\Documents\ECSE 396\LoRaWAN-GPS\LoRa_STM32-master\LoRa_STM32-master\Projects\Multi\Applications\LoRa\DRAGINO-LRWAN(AT)\MDK-ARM\STM32L072CZ-Nucleo\Lora.uvprojx
Project File Date:  10/12/2020

<h2>Output:</h2>
*** Using Compiler 'V5.06 update 6 (build 750)', folder: 'C:\Keil_v5\ARM\ARMCC\Bin'
Rebuild target 'sx1276mb1las'
compiling flash_eraseprogram.c...
compiling bsp_usart2.c...
..\..\..\..\..\..\..\Drivers\BSP\Components\usart\bsp_usart2.c(15): warning:  #177-D: variable "buff"  was declared but never referenced
  static char buff[BUFSIZE];
..\..\..\..\..\..\..\Drivers\BSP\Components\usart\bsp_usart2.c: 1 warning, 0 errors
compiling IIC.c...
compiling filter.c...
compiling gps.c...
..\..\inc\at.h(665): warning:  #1295-D: Deprecated declaration s_tdc - give arg types
  void s_tdc();
..\..\..\..\..\..\..\Drivers\BSP\Components\gps\gps.c(218): warning:  #223-D: function "isspace" declared implicitly
      while ( isspace(*p) )//跳过前面的空格
..\..\..\..\..\..\..\Drivers\BSP\Components\gps\gps.c(787): warning:  #177-D: variable "Empty"  was declared but never referenced
  		 uint8_t Empty = 0;
..\..\..\..\..\..\..\Drivers\BSP\Components\gps\gps.c(902): warning:  #177-D: variable "dd"  was declared but never referenced
  	  int dd,mm;
..\..\..\..\..\..\..\Drivers\BSP\Components\gps\gps.c(902): warning:  #177-D: variable "mm"  was declared but never referenced
  	  int dd,mm;
..\..\..\..\..\..\..\Drivers\BSP\Components\gps\gps.c(903): warning:  #177-D: variable "ss"  was declared but never referenced
      FP32 ss;
..\..\..\..\..\..\..\Drivers\BSP\Components\gps\gps.c: 6 warnings, 0 errors
compiling mpu9250.c...
..\..\..\..\..\..\..\Drivers\BSP\Components\mpu9250\mpu9250.c(85): warning:  #186-D: pointless comparison of unsigned integer with zero
  		if (res < 0) {
..\..\..\..\..\..\..\Drivers\BSP\Components\mpu9250\mpu9250.c(87): warning:  #68-D: integer conversion resulted in a change of sign
        return -1;
..\..\..\..\..\..\..\Drivers\BSP\Components\mpu9250\mpu9250.c(27): warning:  #550-D: variable "gyro_offsetx"  was set but never used
  static float gyro_offsetx=0.005199,gyro_offsety=0.035498,gyro_offsetz=0.005152;
..\..\..\..\..\..\..\Drivers\BSP\Components\mpu9250\mpu9250.c(27): warning:  #550-D: variable "gyro_offsety"  was set but never used
  static float gyro_offsetx=0.005199,gyro_offsety=0.035498,gyro_offsetz=0.005152;
..\..\..\..\..\..\..\Drivers\BSP\Components\mpu9250\mpu9250.c(27): warning:  #550-D: variable "gyro_offsetz"  was set but never used
  static float gyro_offsetx=0.005199,gyro_offsety=0.035498,gyro_offsetz=0.005152;
..\..\..\..\..\..\..\Drivers\BSP\Components\mpu9250\mpu9250.c: 5 warnings, 0 errors
compiling sx1276.c...
compiling system_stm32l0xx.c...
compiling stm32l0xx_nucleo.c...
compiling stm32l0xx_hal_spi.c...
compiling stm32l0xx_hal_adc.c...
compiling sx1276mb1las.c...
compiling stm32l0xx_hal_uart.c...
compiling stm32l0xx_hal_rcc.c...
compiling stm32l0xx_hal_pwr_ex.c...
compiling stm32l0xx_hal.c...
compiling stm32l0xx_hal_cortex.c...
compiling stm32l0xx_hal_rcc_ex.c...
compiling stm32l0xx_hal_pwr.c...
compiling stm32l0xx_hal_gpio.c...
compiling stm32l0xx_hal_dma.c...
compiling stm32l0xx_hal_tim_ex.c...
compiling stm32l0xx_hal_adc_ex.c...
compiling stm32l0xx_hal_uart_ex.c...
compiling stm32l0xx_hal_rtc.c...
compiling stm32l0xx_hal_rtc_ex.c...
assembling startup_stm32l072xx.s...
compiling stm32l0xx_hal_tim.c...
compiling stm32l0xx_hal_i2c.c...
compiling stm32l0xx_hal_i2c_ex.c...
compiling stm32l0xx_hal_flash.c...
compiling stm32l0xx_hal_flash_ex.c...
compiling debug.c...
compiling bsp.c...
compiling hw_gpio.c...
compiling hw_rtc.c...
compiling hw_spi.c...
compiling stm32l0xx_it.c...
compiling stm32l0xx_hal_msp.c...
compiling vcom.c...
compiling stm32l0xx_hw.c...
compiling at.c...
..\..\inc\at.h(665): warning:  #1295-D: Deprecated declaration s_tdc - give arg types
  void s_tdc();
..\..\src\at.c(1017): warning:  #111-D: statement is unreachable
    s_tdc();
..\..\src\at.c(1071): warning:  #111-D: statement is unreachable
    s_tdc();
..\..\src\at.c: 3 warnings, 0 errors
compiling tiny_vsnprintf.c...
compiling tiny_sscanf.c...
compiling main.c...
..\..\inc\at.h(665): warning:  #1295-D: Deprecated declaration s_tdc - give arg types
  void s_tdc();
..\..\src\main.c(280): warning:  #1295-D: Deprecated declaration RecordAccel - give arg types
  	void RecordAccel();
..\..\src\main.c(281): warning:  #1295-D: Deprecated declaration BufferAccelData - give arg types
  	void BufferAccelData();
..\..\src\main.c(283): warning:  #1295-D: Deprecated declaration ResetAccelBuff - give arg types
  	void ResetAccelBuff();
..\..\src\main.c(360): warning:  #177-D: variable "i"  was declared but never referenced
  	int i = 0;
..\..\src\main.c(141): warning:  #177-D: variable "AlarmSetTDC"  was declared but never referenced
  static uint32_t AlarmSetTDC;
..\..\src\main.c(164): warning:  #177-D: variable "accoffsetx"  was declared but never referenced
  static float accoffsetx=-0.030587,accoffsety=-0.032310,accoffsetz=0.046341;
..\..\src\main.c(164): warning:  #177-D: variable "accoffsety"  was declared but never referenced
  static float accoffsetx=-0.030587,accoffsety=-0.032310,accoffsetz=0.046341;
..\..\src\main.c(164): warning:  #177-D: variable "accoffsetz"  was declared but never referenced
  static float accoffsetx=-0.030587,accoffsety=-0.032310,accoffsetz=0.046341;
..\..\src\main.c: 9 warnings, 0 errors
compiling command.c...
..\..\inc\at.h(665): warning:  #1295-D: Deprecated declaration s_tdc - give arg types
  void s_tdc();
..\..\src\command.c: 1 warning, 0 errors
compiling Exti_wakeup.c...
compiling lora.c...
..\..\src\lora.c(725): warning:  #223-D: function "LoRaMacTestSetDutyCycleOn" declared implicitly
    LoRaMacTestSetDutyCycleOn((duty_cycle == LORA_ENABLE) ? 1 : 0);
..\..\src\lora.c(1087): warning:  #223-D: function "LoRaMacTestSetDutyCycleOn" declared implicitly
  	LoRaMacTestSetDutyCycleOn((lora_config.duty_cycle == LORA_ENABLE) ? 1 : 0);
..\..\src\lora.c(100): warning:  #177-D: variable "TxTimer"  was declared but never referenced
  static TimerEvent_t TxTimer;
..\..\src\lora.c: 3 warnings, 0 errors
compiling Region.c...
compiling RegionCN470.c...
compiling RegionAS923.c...
compiling RegionAU915.c...
compiling RegionCN779.c...
compiling RegionCommon.c...
compiling RegionEU433.c...
compiling RegionUS915-Hybrid.c...
compiling RegionEU868.c...
compiling RegionUS915.c...
compiling RegionKR920.c...
compiling RegionIN865.c...
compiling utilities.c...
compiling low_power_manager.c...
compiling LoRaMacCrypto.c...
compiling delay.c...
compiling LoRaMac.c...
compiling timeServer.c...
compiling lora-test.c...
compiling aes.c...
compiling trace.c...
compiling queue.c...
compiling cmac.c...
linking...
Program Size: Code=71036 RO-data=6656 RW-data=1128 ZI-data=14248  
FromELF: creating hex file...
".\sx1276mb1las\NUCLEO_CUBE_LORA.axf" - 0 Error(s), 28 Warning(s).

<h2>Software Packages used:</h2>

Package Vendor: Keil
                http://www.keil.com/pack/Keil.STM32L0xx_DFP.2.1.0.pack
                Keil.STM32L0xx_DFP.2.1.0
                STMicroelectronics STM32L0 Series Device Support, Drivers and Examples

<h2>Collection of Component include folders:</h2>
  C:\Users\adamj\AppData\Local\Arm\Packs\Keil\STM32L0xx_DFP\2.1.0\Drivers\CMSIS\Device\ST\STM32L0xx\Include

<h2>Collection of Component Files used:</h2>
Build Time Elapsed:  00:00:23
</pre>
</body>
</html>
